{
  "Entries": [
    {
      "RequestUri": "/subscriptions/a200340d-6b82-494d-9dbf-687ba6e33f9e/resourceGroups/powershelltest/providers/Microsoft.ApiManagement/service/powershellsdkservice/apis/ps8949?api-version=2019-01-01",
      "EncodedRequestUri": "L3N1YnNjcmlwdGlvbnMvYTIwMDM0MGQtNmI4Mi00OTRkLTlkYmYtNjg3YmE2ZTMzZjllL3Jlc291cmNlR3JvdXBzL3Bvd2Vyc2hlbGx0ZXN0L3Byb3ZpZGVycy9NaWNyb3NvZnQuQXBpTWFuYWdlbWVudC9zZXJ2aWNlL3Bvd2Vyc2hlbGxzZGtzZXJ2aWNlL2FwaXMvcHM4OTQ5P2FwaS12ZXJzaW9uPTIwMTktMDEtMDE=",
      "RequestMethod": "PUT",
      "RequestBody": "{\r\n  \"properties\": {\r\n    \"path\": \"swaggerapifromFile\",\r\n    \"value\": \"{\\r\\n    \\\"x-comment\\\": \\\"This file was extended from /github.com/swagger-api/swagger-spec/blob/master/examples/v2.0/json/petstore-with-external-docs.json\\\",\\r\\n    \\\"swagger\\\": \\\"2.0\\\",\\r\\n    \\\"info\\\": {\\r\\n        \\\"version\\\": \\\"1.0.0\\\",\\r\\n        \\\"title\\\": \\\"Swagger Petstore Extensive\\\",\\r\\n        \\\"description\\\": \\\"A sample API that uses a petstore as an example to demonstrate features in the swagger-2.0 specification\\\",\\r\\n        \\\"termsOfService\\\": \\\"http://helloreverb.com/terms/\\\",\\r\\n        \\\"contact\\\": {\\r\\n            \\\"name\\\": \\\"Wordnik API Team\\\",\\r\\n            \\\"email\\\": \\\"foo@example.com\\\",\\r\\n            \\\"url\\\": \\\"http://madskristensen.net\\\"\\r\\n        },\\r\\n        \\\"license\\\": {\\r\\n            \\\"name\\\": \\\"MIT\\\",\\r\\n            \\\"url\\\": \\\"http://github.com/gruntjs/grunt/blob/master/LICENSE-MIT\\\"\\r\\n        }\\r\\n    },\\r\\n    \\\"externalDocs\\\": {\\r\\n        \\\"description\\\": \\\"find more info here\\\",\\r\\n        \\\"url\\\": \\\"https://helloreverb.com/about\\\"\\r\\n    },\\r\\n    \\\"host\\\": \\\"petstore.swagger.wordnik.com\\\",\\r\\n    \\\"basePath\\\": \\\"/api\\\",\\r\\n    \\\"schemes\\\": [\\r\\n        \\\"http\\\"\\r\\n    ],\\r\\n    \\\"consumes\\\": [\\r\\n        \\\"application/json\\\"\\r\\n    ],\\r\\n    \\\"produces\\\": [\\r\\n        \\\"application/json\\\"\\r\\n    ],\\r\\n    \\\"paths\\\": {\\r\\n        \\\"/mySamplePath?willbeignored={willbeignored}\\\": {\\r\\n            \\\"post\\\": {\\r\\n                \\\"description\\\": \\\"Dummy desc\\\",\\r\\n                \\\"operationId\\\": \\\"dummyid1\\\",\\r\\n                \\\"parameters\\\": [\\r\\n                    {\\r\\n                        \\\"name\\\": \\\"dummyDateHeaderParam\\\",\\r\\n                        \\\"in\\\": \\\"header\\\",\\r\\n                        \\\"description\\\": \\\"dummyDateHeaderParam description\\\",\\r\\n                        \\\"required\\\": true,\\r\\n                        \\\"type\\\": \\\"string\\\",\\r\\n                        \\\"format\\\": \\\"date\\\"\\r\\n                    },\\r\\n                    {\\r\\n                        \\\"name\\\": \\\"dummyReqQueryParam\\\",\\r\\n                        \\\"in\\\": \\\"query\\\",\\r\\n                        \\\"description\\\": \\\"dummyReqQueryParam description\\\",\\r\\n                        \\\"required\\\": true,\\r\\n                        \\\"type\\\": \\\"string\\\"\\r\\n                    },\\r\\n                    {\\r\\n                        \\\"name\\\": \\\"dummyNotReqQueryParam\\\",\\r\\n                        \\\"in\\\": \\\"query\\\",\\r\\n                        \\\"description\\\": \\\"dummyNotReqQueryParam description\\\",\\r\\n                        \\\"required\\\": false,\\r\\n                        \\\"type\\\": \\\"string\\\"\\r\\n                    },\\r\\n                    {\\r\\n                        \\\"name\\\": \\\"dummyBodyParam\\\",\\r\\n                        \\\"in\\\": \\\"body\\\",\\r\\n                        \\\"description\\\": \\\"dummyBodyParam description\\\",\\r\\n                        \\\"required\\\": false,\\r\\n                        \\\"schema\\\": {\\r\\n                            \\\"$ref\\\": \\\"#/definitions/pet\\\",\\r\\n                            \\\"example\\\": {\\r\\n                                \\\"id\\\": 2,\\r\\n                                \\\"name\\\": \\\"myreqpet\\\"\\r\\n                            }\\r\\n                        }\\r\\n                    }\\r\\n                ],\\r\\n                \\\"responses\\\": {\\r\\n                    \\\"200\\\": {\\r\\n                        \\\"description\\\": \\\"pet response\\\",\\r\\n                        \\\"schema\\\": {\\r\\n                            \\\"type\\\": \\\"array\\\",\\r\\n                            \\\"items\\\": {\\r\\n                                \\\"$ref\\\": \\\"#/definitions/pet\\\"\\r\\n                            }\\r\\n                        },\\r\\n                        \\\"headers\\\": {\\r\\n                            \\\"header1\\\": {\\r\\n                                \\\"description\\\": \\\"sampleheader\\\",\\r\\n                                \\\"type\\\": \\\"integer\\\",\\r\\n                                \\\"format\\\": \\\"int64\\\"\\r\\n                            }\\r\\n                        },\\r\\n                        \\\"examples\\\": {\\r\\n                            \\\"application/json\\\": {\\r\\n                                \\\"id\\\": 3,\\r\\n                                \\\"name\\\": \\\"myresppet\\\" \\r\\n                            }\\r\\n                        }\\r\\n                    },\\r\\n                    \\\"default\\\": {\\r\\n                        \\\"description\\\": \\\"unexpected error\\\",\\r\\n                        \\\"schema\\\": {\\r\\n                            \\\"$ref\\\": \\\"#/definitions/errorModel\\\"\\r\\n                        }\\r\\n                    }\\r\\n                }\\r\\n            }\\r\\n        },\\r\\n        \\\"/resourceWithFormData\\\": {\\r\\n            \\\"post\\\": {\\r\\n                \\\"description\\\": \\\"resourceWithFormData desc\\\",\\r\\n                \\\"operationId\\\": \\\"resourceWithFormDataPOST\\\",\\r\\n                \\\"consumes\\\": [ \\\"multipart/form-data\\\" ],\\r\\n                \\\"parameters\\\": [\\r\\n                    {\\r\\n                        \\\"name\\\": \\\"dummyFormDataParam\\\",\\r\\n                        \\\"in\\\": \\\"formData\\\",\\r\\n                        \\\"description\\\": \\\"dummyFormDataParam description\\\",\\r\\n                        \\\"required\\\": true,\\r\\n                        \\\"type\\\": \\\"string\\\"\\r\\n                    },\\r\\n                    {\\r\\n                        \\\"name\\\": \\\"dummyReqQueryParam\\\",\\r\\n                        \\\"in\\\": \\\"query\\\",\\r\\n                        \\\"description\\\": \\\"dummyReqQueryParam description\\\",\\r\\n                        \\\"required\\\": true,\\r\\n                        \\\"type\\\": \\\"string\\\"\\r\\n                    }\\r\\n                ],\\r\\n                \\\"responses\\\": {\\r\\n                    \\\"200\\\": {\\r\\n                        \\\"description\\\": \\\"sample response\\\"\\r\\n                    }\\r\\n                }\\r\\n            }\\r\\n        },\\r\\n        \\\"/mySamplePath2?definedQueryParam={definedQueryParam}\\\": {\\r\\n            \\\"post\\\": {\\r\\n                \\\"produces\\\": [\\r\\n                    \\\"contenttype1\\\",\\r\\n                    \\\"application/xml\\\"\\r\\n                ],\\r\\n                \\\"description\\\": \\\"Dummy desc\\\",\\r\\n                \\\"operationId\\\": \\\"dummyid2\\\",\\r\\n                \\\"parameters\\\": [\\r\\n                    {\\r\\n                        \\\"$ref\\\": \\\"#/parameters/dummyQueryParameterDef\\\"\\r\\n                    },\\r\\n                    {\\r\\n                        \\\"$ref\\\": \\\"#/parameters/dummyBodyParameterDef\\\"\\r\\n                    }\\r\\n                ],\\r\\n                \\\"responses\\\": {\\r\\n                    \\\"204\\\": {\\r\\n                        \\\"$ref\\\": \\\"#/responses/dummyResponseDef\\\"\\r\\n                    }\\r\\n                }\\r\\n            }\\r\\n        },\\r\\n        \\\"/pets2?dummyParam={dummyParam}\\\": {\\r\\n            \\\"get\\\": {\\r\\n                \\\"description\\\": \\\"Dummy description\\\",\\r\\n                \\\"operationId\\\": \\\"dummyOperationId\\\",\\r\\n                \\\"parameters\\\": [\\r\\n                    {\\r\\n                        \\\"name\\\": \\\"dummyParam\\\",\\r\\n                        \\\"in\\\": \\\"query\\\",\\r\\n                        \\\"description\\\": \\\"dummyParam desc\\\",\\r\\n                        \\\"required\\\": true,\\r\\n                        \\\"type\\\": \\\"string\\\",\\r\\n                        \\\"collectionFormat\\\": \\\"csv\\\"\\r\\n                    },\\r\\n                    {\\r\\n                        \\\"name\\\": \\\"limit\\\",\\r\\n                        \\\"in\\\": \\\"query\\\",\\r\\n                        \\\"description\\\": \\\"maximum number of results to return\\\",\\r\\n                        \\\"required\\\": false,\\r\\n                        \\\"type\\\": \\\"integer\\\",\\r\\n                        \\\"format\\\": \\\"int32\\\"\\r\\n                    }\\r\\n                ],\\r\\n                \\\"responses\\\": {\\r\\n                    \\\"200\\\": {\\r\\n                        \\\"description\\\": \\\"pet response\\\",\\r\\n                        \\\"schema\\\": {\\r\\n                            \\\"type\\\": \\\"array\\\",\\r\\n                            \\\"items\\\": {\\r\\n                                \\\"type\\\": \\\"string\\\"\\r\\n                            }\\r\\n                        }\\r\\n                    },\\r\\n                    \\\"default\\\": {\\r\\n                        \\\"description\\\": \\\"unexpected error\\\",\\r\\n                        \\\"schema\\\": {\\r\\n                            \\\"$ref\\\": \\\"#/definitions/errorModel\\\"\\r\\n                        }\\r\\n                    }\\r\\n                }\\r\\n            }\\r\\n        },\\r\\n        \\\"/pets\\\": {\\r\\n            \\\"get\\\": {\\r\\n                \\\"description\\\": \\\"Returns all pets from the system that the user has access to\\\",\\r\\n                \\\"operationId\\\": \\\"findPets\\\",\\r\\n                \\\"externalDocs\\\": {\\r\\n                    \\\"description\\\": \\\"find more info here\\\",\\r\\n                    \\\"url\\\": \\\"https://helloreverb.com/about\\\"\\r\\n                },\\r\\n                \\\"produces\\\": [\\r\\n                    \\\"application/json\\\",\\r\\n                    \\\"application/xml\\\"\\r\\n                ],\\r\\n                \\\"consumes\\\": [\\r\\n                    \\\"text/xml\\\",\\r\\n                    \\\"text/html\\\"\\r\\n                ],\\r\\n                \\\"parameters\\\": [\\r\\n                    {\\r\\n                        \\\"name\\\": \\\"tags\\\",\\r\\n                        \\\"in\\\": \\\"query\\\",\\r\\n                        \\\"description\\\": \\\"tags to filter by\\\",\\r\\n                        \\\"required\\\": false,\\r\\n                        \\\"type\\\": \\\"string\\\",\\r\\n                        \\\"collectionFormat\\\": \\\"csv\\\"\\r\\n                    },\\r\\n                    {\\r\\n                        \\\"name\\\": \\\"limit\\\",\\r\\n                        \\\"in\\\": \\\"query\\\",\\r\\n                        \\\"description\\\": \\\"maximum number of results to return\\\",\\r\\n                        \\\"required\\\": false,\\r\\n                        \\\"type\\\": \\\"integer\\\",\\r\\n                        \\\"format\\\": \\\"int32\\\"\\r\\n                    }\\r\\n                ],\\r\\n                \\\"responses\\\": {\\r\\n                    \\\"200\\\": {\\r\\n                        \\\"description\\\": \\\"pet response\\\",\\r\\n                        \\\"schema\\\": {\\r\\n                            \\\"type\\\": \\\"array\\\",\\r\\n                            \\\"items\\\": {\\r\\n                                \\\"$ref\\\": \\\"#/definitions/pet\\\"\\r\\n                            }\\r\\n                        }\\r\\n                    },\\r\\n                    \\\"default\\\": {\\r\\n                        \\\"description\\\": \\\"unexpected error\\\",\\r\\n                        \\\"schema\\\": {\\r\\n                            \\\"$ref\\\": \\\"#/definitions/errorModel\\\"\\r\\n                        }\\r\\n                    }\\r\\n                }\\r\\n            },\\r\\n            \\\"post\\\": {\\r\\n                \\\"description\\\": \\\"Creates a new pet in the store.  Duplicates are allowed\\\",\\r\\n                \\\"operationId\\\": \\\"addPet\\\",\\r\\n                \\\"produces\\\": [\\r\\n                    \\\"application/json\\\"\\r\\n                ],\\r\\n                \\\"parameters\\\": [\\r\\n                    {\\r\\n                        \\\"name\\\": \\\"pet\\\",\\r\\n                        \\\"in\\\": \\\"body\\\",\\r\\n                        \\\"description\\\": \\\"Pet to add to the store\\\",\\r\\n                        \\\"required\\\": true,\\r\\n                        \\\"schema\\\": {\\r\\n                            \\\"$ref\\\": \\\"#/definitions/newPet\\\"\\r\\n                        }\\r\\n                    }\\r\\n                ],\\r\\n                \\\"responses\\\": {\\r\\n                    \\\"200\\\": {\\r\\n                        \\\"description\\\": \\\"pet response\\\",\\r\\n                        \\\"schema\\\": {\\r\\n                            \\\"$ref\\\": \\\"#/definitions/pet\\\"\\r\\n                        }\\r\\n                    },\\r\\n                    \\\"default\\\": {\\r\\n                        \\\"description\\\": \\\"unexpected error\\\",\\r\\n                        \\\"schema\\\": {\\r\\n                            \\\"$ref\\\": \\\"#/definitions/errorModel\\\"\\r\\n                        }\\r\\n                    }\\r\\n                }\\r\\n            }\\r\\n        },\\r\\n        \\\"/pets/{id}\\\": {\\r\\n            \\\"get\\\": {\\r\\n                \\\"description\\\": \\\"Returns a user based on a single ID, if the user does not have access to the pet\\\",\\r\\n                \\\"operationId\\\": \\\"findPetById\\\",\\r\\n                \\\"produces\\\": [\\r\\n                    \\\"application/json\\\",\\r\\n                    \\\"application/xml\\\",\\r\\n                    \\\"text/xml\\\",\\r\\n                    \\\"text/html\\\"\\r\\n                ],\\r\\n                \\\"parameters\\\": [\\r\\n                    {\\r\\n                        \\\"name\\\": \\\"id\\\",\\r\\n                        \\\"in\\\": \\\"path\\\",\\r\\n                        \\\"description\\\": \\\"ID of pet to fetch\\\",\\r\\n                        \\\"required\\\": true,\\r\\n                        \\\"type\\\": \\\"integer\\\",\\r\\n                        \\\"format\\\": \\\"int64\\\"\\r\\n                    }\\r\\n                ],\\r\\n                \\\"responses\\\": {\\r\\n                    \\\"200\\\": {\\r\\n                        \\\"description\\\": \\\"pet response\\\",\\r\\n                        \\\"schema\\\": {\\r\\n                            \\\"$ref\\\": \\\"#/definitions/pet\\\"\\r\\n                        }\\r\\n                    },\\r\\n                    \\\"default\\\": {\\r\\n                        \\\"description\\\": \\\"unexpected error\\\",\\r\\n                        \\\"schema\\\": {\\r\\n                            \\\"$ref\\\": \\\"#/definitions/errorModel\\\"\\r\\n                        }\\r\\n                    }\\r\\n                }\\r\\n            },\\r\\n            \\\"delete\\\": {\\r\\n                \\\"description\\\": \\\"deletes a single pet based on the ID supplied\\\",\\r\\n                \\\"operationId\\\": \\\"deletePet\\\",\\r\\n                \\\"parameters\\\": [\\r\\n                    {\\r\\n                        \\\"name\\\": \\\"id\\\",\\r\\n                        \\\"in\\\": \\\"path\\\",\\r\\n                        \\\"description\\\": \\\"ID of pet to delete\\\",\\r\\n                        \\\"required\\\": true,\\r\\n                        \\\"type\\\": \\\"integer\\\",\\r\\n                        \\\"format\\\": \\\"int64\\\"\\r\\n                    }\\r\\n                ],\\r\\n                \\\"responses\\\": {\\r\\n                    \\\"204\\\": {\\r\\n                        \\\"description\\\": \\\"pet deleted\\\"\\r\\n                    },\\r\\n                    \\\"default\\\": {\\r\\n                        \\\"description\\\": \\\"unexpected error\\\",\\r\\n                        \\\"schema\\\": {\\r\\n                            \\\"$ref\\\": \\\"#/definitions/errorModel\\\"\\r\\n                        }\\r\\n                    }\\r\\n                }\\r\\n            }\\r\\n        }\\r\\n    },\\r\\n    \\\"definitions\\\": {\\r\\n        \\\"pet\\\": {\\r\\n            \\\"required\\\": [\\r\\n                \\\"id\\\",\\r\\n                \\\"name\\\"\\r\\n            ],\\r\\n            \\\"externalDocs\\\": {\\r\\n                \\\"description\\\": \\\"find more info here\\\",\\r\\n                \\\"url\\\": \\\"https://helloreverb.com/about\\\"\\r\\n            },\\r\\n            \\\"properties\\\": {\\r\\n                \\\"id\\\": {\\r\\n                    \\\"type\\\": \\\"integer\\\",\\r\\n                    \\\"format\\\": \\\"int64\\\"\\r\\n                },\\r\\n                \\\"name\\\": {\\r\\n                    \\\"type\\\": \\\"string\\\"\\r\\n                },\\r\\n                \\\"tag\\\": {\\r\\n                    \\\"type\\\": \\\"string\\\"\\r\\n                }\\r\\n            }\\r\\n        },\\r\\n        \\\"newPet\\\": {\\r\\n            \\\"allOf\\\": [\\r\\n                {\\r\\n                    \\\"$ref\\\": \\\"#/definitions/pet\\\"\\r\\n                },\\r\\n                {\\r\\n                    \\\"required\\\": [\\r\\n                        \\\"name\\\"\\r\\n                    ],\\r\\n                    \\\"properties\\\": {\\r\\n                        \\\"id\\\": {\\r\\n                            \\\"type\\\": \\\"integer\\\",\\r\\n                            \\\"format\\\": \\\"int64\\\"\\r\\n                        }\\r\\n                    }\\r\\n                }\\r\\n            ]\\r\\n        },\\r\\n        \\\"errorModel\\\": {\\r\\n            \\\"required\\\": [\\r\\n                \\\"code\\\",\\r\\n                \\\"message\\\"\\r\\n            ],\\r\\n            \\\"properties\\\": {\\r\\n                \\\"code\\\": {\\r\\n                    \\\"type\\\": \\\"integer\\\",\\r\\n                    \\\"format\\\": \\\"int32\\\"\\r\\n                },\\r\\n                \\\"message\\\": {\\r\\n                    \\\"type\\\": \\\"string\\\"\\r\\n                }\\r\\n            }\\r\\n        }\\r\\n    },\\r\\n    \\\"parameters\\\": {\\r\\n        \\\"dummyBodyParameterDef\\\": {\\r\\n            \\\"name\\\": \\\"definedBodyParam\\\",\\r\\n            \\\"in\\\": \\\"body\\\",\\r\\n            \\\"description\\\": \\\"definedBodyParam description\\\",\\r\\n            \\\"required\\\": true,\\r\\n            \\\"schema\\\": {\\r\\n                \\\"title\\\": \\\"Example Schema\\\",\\r\\n                \\\"type\\\": \\\"object\\\",\\r\\n                \\\"properties\\\": {\\r\\n                    \\\"firstName\\\": {\\r\\n                        \\\"type\\\": \\\"string\\\"\\r\\n                    },\\r\\n                    \\\"lastName\\\": {\\r\\n                        \\\"type\\\": \\\"string\\\"\\r\\n                    },\\r\\n                    \\\"age\\\": {\\r\\n                        \\\"description\\\": \\\"Age in years\\\",\\r\\n                        \\\"type\\\": \\\"integer\\\",\\r\\n                        \\\"minimum\\\": 0\\r\\n                    }\\r\\n                },\\r\\n                \\\"required\\\": [ \\\"firstName\\\", \\\"lastName\\\" ]\\r\\n            }\\r\\n        },\\r\\n        \\\"dummyQueryParameterDef\\\": {\\r\\n            \\\"name\\\": \\\"definedQueryParam\\\",\\r\\n            \\\"in\\\": \\\"query\\\",\\r\\n            \\\"description\\\": \\\"definedQueryParam description\\\",\\r\\n            \\\"required\\\": true,\\r\\n            \\\"type\\\": \\\"string\\\",\\r\\n            \\\"format\\\": \\\"whateverformat\\\"\\r\\n        }\\r\\n    },\\r\\n    \\\"responses\\\": {\\r\\n        \\\"dummyResponseDef\\\": {\\r\\n            \\\"description\\\": \\\"dummyResponseDef description\\\",\\r\\n            \\\"schema\\\": {\\r\\n                \\\"$ref\\\":  \\\"#/definitions/pet\\\"\\r\\n            },\\r\\n            \\\"headers\\\": {\\r\\n                \\\"header1\\\": {\\r\\n                    \\\"type\\\": \\\"integer\\\"\\r\\n                },\\r\\n                \\\"header2\\\": {\\r\\n                    \\\"type\\\": \\\"integer\\\"\\r\\n                }\\r\\n            },\\r\\n            \\\"examples\\\": {\\r\\n                \\\"contenttype1\\\": \\\"contenttype1 example\\\",\\r\\n                \\\"contenttype2\\\": \\\"contenttype2 example\\\"\\r\\n            }\\r\\n        }\\r\\n    }\\r\\n}\\r\\n\\r\\n\",\r\n    \"format\": \"swagger-json\"\r\n  }\r\n}",
      "RequestHeaders": {
        "x-ms-client-request-id": [
          "9c3ae94f-1e9a-42ed-af8c-c4cc6decb245"
        ],
        "Accept-Language": [
          "en-US"
        ],
        "User-Agent": [
          "FxVersion/4.6.27414.06",
          "OSName/Windows",
          "OSVersion/Microsoft.Windows.10.0.17763.",
          "Microsoft.Azure.Management.ApiManagement.ApiManagementClient/4.9.0.0"
        ],
        "Content-Type": [
          "application/json; charset=utf-8"
        ],
        "Content-Length": [
          "18232"
        ]
      },
      "ResponseHeaders": {
        "Cache-Control": [
          "no-cache"
        ],
        "Pragma": [
          "no-cache"
        ],
        "Location": [
          "https://management.azure.com/subscriptions/a200340d-6b82-494d-9dbf-687ba6e33f9e/resourceGroups/powershelltest/providers/Microsoft.ApiManagement/service/powershellsdkservice/apis/ps8949?api-version=2019-01-01&asyncId=5cc8aa5a16271c064c3c6a96&asyncCode=201"
        ],
        "Strict-Transport-Security": [
          "max-age=31536000; includeSubDomains"
        ],
        "x-ms-request-id": [
          "06eb8176-834c-49b3-9446-a03facf3d387"
        ],
        "Server": [
          "Microsoft-HTTPAPI/2.0"
        ],
        "x-ms-ratelimit-remaining-subscription-writes": [
          "1199"
        ],
        "x-ms-correlation-request-id": [
          "099d9202-e614-49ec-bb14-47cac85afc5a"
        ],
        "x-ms-routing-request-id": [
          "WESTUS2:20190430T200442Z:099d9202-e614-49ec-bb14-47cac85afc5a"
        ],
        "X-Content-Type-Options": [
          "nosniff"
        ],
        "Date": [
          "Tue, 30 Apr 2019 20:04:42 GMT"
        ],
        "Expires": [
          "-1"
        ],
        "Content-Length": [
          "0"
        ]
      },
      "ResponseBody": "",
      "StatusCode": 202
    },
    {
      "RequestUri": "/subscriptions/a200340d-6b82-494d-9dbf-687ba6e33f9e/resourceGroups/powershelltest/providers/Microsoft.ApiManagement/service/powershellsdkservice/apis/ps8949?api-version=2019-01-01&asyncId=5cc8aa5a16271c064c3c6a96&asyncCode=201",
      "EncodedRequestUri": "L3N1YnNjcmlwdGlvbnMvYTIwMDM0MGQtNmI4Mi00OTRkLTlkYmYtNjg3YmE2ZTMzZjllL3Jlc291cmNlR3JvdXBzL3Bvd2Vyc2hlbGx0ZXN0L3Byb3ZpZGVycy9NaWNyb3NvZnQuQXBpTWFuYWdlbWVudC9zZXJ2aWNlL3Bvd2Vyc2hlbGxzZGtzZXJ2aWNlL2FwaXMvcHM4OTQ5P2FwaS12ZXJzaW9uPTIwMTktMDEtMDEmYXN5bmNJZD01Y2M4YWE1YTE2MjcxYzA2NGMzYzZhOTYmYXN5bmNDb2RlPTIwMQ==",
      "RequestMethod": "GET",
      "RequestBody": "",
      "RequestHeaders": {
        "User-Agent": [
          "FxVersion/4.6.27414.06",
          "OSName/Windows",
          "OSVersion/Microsoft.Windows.10.0.17763.",
          "Microsoft.Azure.Management.ApiManagement.ApiManagementClient/4.9.0.0"
        ]
      },
      "ResponseHeaders": {
        "Cache-Control": [
          "no-cache"
        ],
        "Pragma": [
          "no-cache"
        ],
        "ETag": [
          "\"AAAAAAAAXIw=\""
        ],
        "Strict-Transport-Security": [
          "max-age=31536000; includeSubDomains"
        ],
        "x-ms-request-id": [
          "81e9b4d8-50f2-497c-9e3f-b349ef2ab203"
        ],
        "Server": [
          "Microsoft-HTTPAPI/2.0"
        ],
        "x-ms-ratelimit-remaining-subscription-reads": [
          "11999"
        ],
        "x-ms-correlation-request-id": [
          "2e2f7b64-ad8c-49f6-a425-9a98602be905"
        ],
        "x-ms-routing-request-id": [
          "WESTUS2:20190430T200512Z:2e2f7b64-ad8c-49f6-a425-9a98602be905"
        ],
        "X-Content-Type-Options": [
          "nosniff"
        ],
        "Date": [
          "Tue, 30 Apr 2019 20:05:12 GMT"
        ],
        "Content-Length": [
          "849"
        ],
        "Content-Type": [
          "application/json; charset=utf-8"
        ],
        "Expires": [
          "-1"
        ]
      },
      "ResponseBody": "{\r\n  \"id\": \"/subscriptions/a200340d-6b82-494d-9dbf-687ba6e33f9e/resourceGroups/powershelltest/providers/Microsoft.ApiManagement/service/powershellsdkservice/apis/ps8949\",\r\n  \"type\": \"Microsoft.ApiManagement/service/apis\",\r\n  \"name\": \"ps8949\",\r\n  \"properties\": {\r\n    \"displayName\": \"Swagger Petstore Extensive\",\r\n    \"apiRevision\": \"1\",\r\n    \"description\": \"A sample API that uses a petstore as an example to demonstrate features in the swagger-2.0 specification\",\r\n    \"serviceUrl\": \"http://petstore.swagger.wordnik.com/api\",\r\n    \"path\": \"swaggerapifromFile\",\r\n    \"protocols\": [\r\n      \"http\"\r\n    ],\r\n    \"authenticationSettings\": {\r\n      \"oAuth2\": null,\r\n      \"openid\": null\r\n    },\r\n    \"subscriptionKeyParameterNames\": {\r\n      \"header\": \"Ocp-Apim-Subscription-Key\",\r\n      \"query\": \"subscription-key\"\r\n    },\r\n    \"isCurrent\": true\r\n  }\r\n}",
      "StatusCode": 201
    },
    {
      "RequestUri": "/subscriptions/a200340d-6b82-494d-9dbf-687ba6e33f9e/resourceGroups/powershelltest/providers/Microsoft.ApiManagement/service/powershellsdkservice/apis/ps8949?api-version=2019-01-01",
      "EncodedRequestUri": "L3N1YnNjcmlwdGlvbnMvYTIwMDM0MGQtNmI4Mi00OTRkLTlkYmYtNjg3YmE2ZTMzZjllL3Jlc291cmNlR3JvdXBzL3Bvd2Vyc2hlbGx0ZXN0L3Byb3ZpZGVycy9NaWNyb3NvZnQuQXBpTWFuYWdlbWVudC9zZXJ2aWNlL3Bvd2Vyc2hlbGxzZGtzZXJ2aWNlL2FwaXMvcHM4OTQ5P2FwaS12ZXJzaW9uPTIwMTktMDEtMDE=",
      "RequestMethod": "GET",
      "RequestBody": "",
      "RequestHeaders": {
        "x-ms-client-request-id": [
          "f26f8920-493b-44c4-a94d-cb8b18fcbac7"
        ],
        "Accept-Language": [
          "en-US"
        ],
        "User-Agent": [
          "FxVersion/4.6.27414.06",
          "OSName/Windows",
          "OSVersion/Microsoft.Windows.10.0.17763.",
          "Microsoft.Azure.Management.ApiManagement.ApiManagementClient/4.9.0.0"
        ]
      },
      "ResponseHeaders": {
        "Cache-Control": [
          "no-cache"
        ],
        "Pragma": [
          "no-cache"
        ],
        "ETag": [
          "\"AAAAAAAAXIw=\""
        ],
        "Strict-Transport-Security": [
          "max-age=31536000; includeSubDomains"
        ],
        "x-ms-request-id": [
          "77634396-4fd0-4ef9-ab73-346a6f9dcec2"
        ],
        "Server": [
          "Microsoft-HTTPAPI/2.0"
        ],
        "x-ms-ratelimit-remaining-subscription-reads": [
          "11998"
        ],
        "x-ms-correlation-request-id": [
          "8ad1495e-17bc-4ebf-9b43-6463260296f2"
        ],
        "x-ms-routing-request-id": [
          "WESTUS2:20190430T200513Z:8ad1495e-17bc-4ebf-9b43-6463260296f2"
        ],
        "X-Content-Type-Options": [
          "nosniff"
        ],
        "Date": [
          "Tue, 30 Apr 2019 20:05:12 GMT"
        ],
        "Content-Length": [
          "849"
        ],
        "Content-Type": [
          "application/json; charset=utf-8"
        ],
        "Expires": [
          "-1"
        ]
      },
      "ResponseBody": "{\r\n  \"id\": \"/subscriptions/a200340d-6b82-494d-9dbf-687ba6e33f9e/resourceGroups/powershelltest/providers/Microsoft.ApiManagement/service/powershellsdkservice/apis/ps8949\",\r\n  \"type\": \"Microsoft.ApiManagement/service/apis\",\r\n  \"name\": \"ps8949\",\r\n  \"properties\": {\r\n    \"displayName\": \"Swagger Petstore Extensive\",\r\n    \"apiRevision\": \"1\",\r\n    \"description\": \"A sample API that uses a petstore as an example to demonstrate features in the swagger-2.0 specification\",\r\n    \"serviceUrl\": \"http://petstore.swagger.wordnik.com/api\",\r\n    \"path\": \"swaggerapifromFile\",\r\n    \"protocols\": [\r\n      \"http\"\r\n    ],\r\n    \"authenticationSettings\": {\r\n      \"oAuth2\": null,\r\n      \"openid\": null\r\n    },\r\n    \"subscriptionKeyParameterNames\": {\r\n      \"header\": \"Ocp-Apim-Subscription-Key\",\r\n      \"query\": \"subscription-key\"\r\n    },\r\n    \"isCurrent\": true\r\n  }\r\n}",
      "StatusCode": 200
    },
    {
      "RequestUri": "/subscriptions/a200340d-6b82-494d-9dbf-687ba6e33f9e/resourceGroups/powershelltest/providers/Microsoft.ApiManagement/service/powershellsdkservice/apis/ps8949?api-version=2019-01-01",
      "EncodedRequestUri": "L3N1YnNjcmlwdGlvbnMvYTIwMDM0MGQtNmI4Mi00OTRkLTlkYmYtNjg3YmE2ZTMzZjllL3Jlc291cmNlR3JvdXBzL3Bvd2Vyc2hlbGx0ZXN0L3Byb3ZpZGVycy9NaWNyb3NvZnQuQXBpTWFuYWdlbWVudC9zZXJ2aWNlL3Bvd2Vyc2hlbGxzZGtzZXJ2aWNlL2FwaXMvcHM4OTQ5P2FwaS12ZXJzaW9uPTIwMTktMDEtMDE=",
      "RequestMethod": "GET",
      "RequestBody": "",
      "RequestHeaders": {
        "x-ms-client-request-id": [
          "088c0755-b136-4f67-8d74-e29c1acdc73d"
        ],
        "Accept-Language": [
          "en-US"
        ],
        "User-Agent": [
          "FxVersion/4.6.27414.06",
          "OSName/Windows",
          "OSVersion/Microsoft.Windows.10.0.17763.",
          "Microsoft.Azure.Management.ApiManagement.ApiManagementClient/4.9.0.0"
        ]
      },
      "ResponseHeaders": {
        "Cache-Control": [
          "no-cache"
        ],
        "Pragma": [
          "no-cache"
        ],
        "ETag": [
          "\"AAAAAAAAXIw=\""
        ],
        "Strict-Transport-Security": [
          "max-age=31536000; includeSubDomains"
        ],
        "x-ms-request-id": [
          "d33e9595-efc2-4da1-b3d1-63f5091f16a0"
        ],
        "Server": [
          "Microsoft-HTTPAPI/2.0"
        ],
        "x-ms-ratelimit-remaining-subscription-reads": [
          "11994"
        ],
        "x-ms-correlation-request-id": [
          "707413da-3fc1-4109-82d1-f943414e2bd5"
        ],
        "x-ms-routing-request-id": [
          "WESTUS2:20190430T200515Z:707413da-3fc1-4109-82d1-f943414e2bd5"
        ],
        "X-Content-Type-Options": [
          "nosniff"
        ],
        "Date": [
          "Tue, 30 Apr 2019 20:05:14 GMT"
        ],
        "Content-Length": [
          "849"
        ],
        "Content-Type": [
          "application/json; charset=utf-8"
        ],
        "Expires": [
          "-1"
        ]
      },
      "ResponseBody": "{\r\n  \"id\": \"/subscriptions/a200340d-6b82-494d-9dbf-687ba6e33f9e/resourceGroups/powershelltest/providers/Microsoft.ApiManagement/service/powershellsdkservice/apis/ps8949\",\r\n  \"type\": \"Microsoft.ApiManagement/service/apis\",\r\n  \"name\": \"ps8949\",\r\n  \"properties\": {\r\n    \"displayName\": \"Swagger Petstore Extensive\",\r\n    \"apiRevision\": \"1\",\r\n    \"description\": \"A sample API that uses a petstore as an example to demonstrate features in the swagger-2.0 specification\",\r\n    \"serviceUrl\": \"http://petstore.swagger.wordnik.com/api\",\r\n    \"path\": \"swaggerapifromFile\",\r\n    \"protocols\": [\r\n      \"http\"\r\n    ],\r\n    \"authenticationSettings\": {\r\n      \"oAuth2\": null,\r\n      \"openid\": null\r\n    },\r\n    \"subscriptionKeyParameterNames\": {\r\n      \"header\": \"Ocp-Apim-Subscription-Key\",\r\n      \"query\": \"subscription-key\"\r\n    },\r\n    \"isCurrent\": true\r\n  }\r\n}",
      "StatusCode": 200
    },
    {
      "RequestUri": "/subscriptions/a200340d-6b82-494d-9dbf-687ba6e33f9e/resourceGroups/powershelltest/providers/Microsoft.ApiManagement/service/powershellsdkservice/products?api-version=2019-01-01",
      "EncodedRequestUri": "L3N1YnNjcmlwdGlvbnMvYTIwMDM0MGQtNmI4Mi00OTRkLTlkYmYtNjg3YmE2ZTMzZjllL3Jlc291cmNlR3JvdXBzL3Bvd2Vyc2hlbGx0ZXN0L3Byb3ZpZGVycy9NaWNyb3NvZnQuQXBpTWFuYWdlbWVudC9zZXJ2aWNlL3Bvd2Vyc2hlbGxzZGtzZXJ2aWNlL3Byb2R1Y3RzP2FwaS12ZXJzaW9uPTIwMTktMDEtMDE=",
      "RequestMethod": "GET",
      "RequestBody": "",
      "RequestHeaders": {
        "x-ms-client-request-id": [
          "cdc66246-e4df-4d7f-8047-e0d6cada59c6"
        ],
        "Accept-Language": [
          "en-US"
        ],
        "User-Agent": [
          "FxVersion/4.6.27414.06",
          "OSName/Windows",
          "OSVersion/Microsoft.Windows.10.0.17763.",
          "Microsoft.Azure.Management.ApiManagement.ApiManagementClient/4.9.0.0"
        ]
      },
      "ResponseHeaders": {
        "Cache-Control": [
          "no-cache"
        ],
        "Pragma": [
          "no-cache"
        ],
        "Strict-Transport-Security": [
          "max-age=31536000; includeSubDomains"
        ],
        "x-ms-request-id": [
          "570d8c70-219c-4459-ad99-165f1bc4941a"
        ],
        "Server": [
          "Microsoft-HTTPAPI/2.0"
        ],
        "x-ms-ratelimit-remaining-subscription-reads": [
          "11997"
        ],
        "x-ms-correlation-request-id": [
          "89a88ac4-0023-4248-844d-f27845889981"
        ],
        "x-ms-routing-request-id": [
          "WESTUS2:20190430T200513Z:89a88ac4-0023-4248-844d-f27845889981"
        ],
        "X-Content-Type-Options": [
          "nosniff"
        ],
        "Date": [
          "Tue, 30 Apr 2019 20:05:13 GMT"
        ],
        "Content-Length": [
          "1272"
        ],
        "Content-Type": [
          "application/json; charset=utf-8"
        ],
        "Expires": [
          "-1"
        ]
      },
      "ResponseBody": "{\r\n  \"value\": [\r\n    {\r\n      \"id\": \"/subscriptions/a200340d-6b82-494d-9dbf-687ba6e33f9e/resourceGroups/powershelltest/providers/Microsoft.ApiManagement/service/powershellsdkservice/products/starter\",\r\n      \"type\": \"Microsoft.ApiManagement/service/products\",\r\n      \"name\": \"starter\",\r\n      \"properties\": {\r\n        \"displayName\": \"Starter\",\r\n        \"description\": \"Subscribers will be able to run 5 calls/minute up to a maximum of 100 calls/week.\",\r\n        \"terms\": \"\",\r\n        \"subscriptionRequired\": true,\r\n        \"approvalRequired\": false,\r\n        \"subscriptionsLimit\": 100,\r\n        \"state\": \"published\"\r\n      }\r\n    },\r\n    {\r\n      \"id\": \"/subscriptions/a200340d-6b82-494d-9dbf-687ba6e33f9e/resourceGroups/powershelltest/providers/Microsoft.ApiManagement/service/powershellsdkservice/products/unlimited\",\r\n      \"type\": \"Microsoft.ApiManagement/service/products\",\r\n      \"name\": \"unlimited\",\r\n      \"properties\": {\r\n        \"displayName\": \"Unlimited\",\r\n        \"description\": \"Subscribers have completely unlimited access to the API. Administrator approval is required.\",\r\n        \"terms\": null,\r\n        \"subscriptionRequired\": true,\r\n        \"approvalRequired\": true,\r\n        \"subscriptionsLimit\": 1,\r\n        \"state\": \"published\"\r\n      }\r\n    }\r\n  ]\r\n}",
      "StatusCode": 200
    },
    {
      "RequestUri": "/subscriptions/a200340d-6b82-494d-9dbf-687ba6e33f9e/resourceGroups/powershelltest/providers/Microsoft.ApiManagement/service/powershellsdkservice/products/starter/apis/ps8949?api-version=2019-01-01",
      "EncodedRequestUri": "L3N1YnNjcmlwdGlvbnMvYTIwMDM0MGQtNmI4Mi00OTRkLTlkYmYtNjg3YmE2ZTMzZjllL3Jlc291cmNlR3JvdXBzL3Bvd2Vyc2hlbGx0ZXN0L3Byb3ZpZGVycy9NaWNyb3NvZnQuQXBpTWFuYWdlbWVudC9zZXJ2aWNlL3Bvd2Vyc2hlbGxzZGtzZXJ2aWNlL3Byb2R1Y3RzL3N0YXJ0ZXIvYXBpcy9wczg5NDk/YXBpLXZlcnNpb249MjAxOS0wMS0wMQ==",
      "RequestMethod": "PUT",
      "RequestBody": "",
      "RequestHeaders": {
        "x-ms-client-request-id": [
          "4776c00a-d1c7-4264-86ac-bed62bce8321"
        ],
        "Accept-Language": [
          "en-US"
        ],
        "User-Agent": [
          "FxVersion/4.6.27414.06",
          "OSName/Windows",
          "OSVersion/Microsoft.Windows.10.0.17763.",
          "Microsoft.Azure.Management.ApiManagement.ApiManagementClient/4.9.0.0"
        ]
      },
      "ResponseHeaders": {
        "Cache-Control": [
          "no-cache"
        ],
        "Pragma": [
          "no-cache"
        ],
        "ETag": [
          "\"AAAAAAAAXIw=\""
        ],
        "Strict-Transport-Security": [
          "max-age=31536000; includeSubDomains"
        ],
        "x-ms-request-id": [
          "a7941718-1fa2-4a90-857d-84a1183b22ab"
        ],
        "Server": [
          "Microsoft-HTTPAPI/2.0"
        ],
        "x-ms-ratelimit-remaining-subscription-writes": [
          "1198"
        ],
        "x-ms-correlation-request-id": [
          "5f1506fa-931e-4785-801d-84e8b7899644"
        ],
        "x-ms-routing-request-id": [
          "WESTUS2:20190430T200514Z:5f1506fa-931e-4785-801d-84e8b7899644"
        ],
        "X-Content-Type-Options": [
          "nosniff"
        ],
        "Date": [
          "Tue, 30 Apr 2019 20:05:13 GMT"
        ],
        "Content-Length": [
          "723"
        ],
        "Content-Type": [
          "application/json; charset=utf-8"
        ],
        "Expires": [
          "-1"
        ]
      },
      "ResponseBody": "{\r\n  \"id\": \"/subscriptions/a200340d-6b82-494d-9dbf-687ba6e33f9e/resourceGroups/powershelltest/providers/Microsoft.ApiManagement/service/powershellsdkservice/products/starter/apis/ps8949\",\r\n  \"type\": \"Microsoft.ApiManagement/service/products/apis\",\r\n  \"name\": \"ps8949\",\r\n  \"properties\": {\r\n    \"displayName\": \"Swagger Petstore Extensive\",\r\n    \"apiRevision\": \"1\",\r\n    \"description\": \"A sample API that uses a petstore as an example to demonstrate features in the swagger-2.0 specification\",\r\n    \"serviceUrl\": \"http://petstore.swagger.wordnik.com/api\",\r\n    \"path\": \"swaggerapifromFile\",\r\n    \"protocols\": null,\r\n    \"authenticationSettings\": null,\r\n    \"subscriptionKeyParameterNames\": null,\r\n    \"isCurrent\": true\r\n  }\r\n}",
      "StatusCode": 201
    },
    {
      "RequestUri": "/subscriptions/a200340d-6b82-494d-9dbf-687ba6e33f9e/resourceGroups/powershelltest/providers/Microsoft.ApiManagement/service/powershellsdkservice/products/starter/apis?api-version=2019-01-01",
      "EncodedRequestUri": "L3N1YnNjcmlwdGlvbnMvYTIwMDM0MGQtNmI4Mi00OTRkLTlkYmYtNjg3YmE2ZTMzZjllL3Jlc291cmNlR3JvdXBzL3Bvd2Vyc2hlbGx0ZXN0L3Byb3ZpZGVycy9NaWNyb3NvZnQuQXBpTWFuYWdlbWVudC9zZXJ2aWNlL3Bvd2Vyc2hlbGxzZGtzZXJ2aWNlL3Byb2R1Y3RzL3N0YXJ0ZXIvYXBpcz9hcGktdmVyc2lvbj0yMDE5LTAxLTAx",
      "RequestMethod": "GET",
      "RequestBody": "",
      "RequestHeaders": {
        "x-ms-client-request-id": [
          "387361d9-90ff-48f0-a40a-23f287751c92"
        ],
        "Accept-Language": [
          "en-US"
        ],
        "User-Agent": [
          "FxVersion/4.6.27414.06",
          "OSName/Windows",
          "OSVersion/Microsoft.Windows.10.0.17763.",
          "Microsoft.Azure.Management.ApiManagement.ApiManagementClient/4.9.0.0"
        ]
      },
      "ResponseHeaders": {
        "Cache-Control": [
          "no-cache"
        ],
        "Pragma": [
          "no-cache"
        ],
        "Strict-Transport-Security": [
          "max-age=31536000; includeSubDomains"
        ],
        "x-ms-request-id": [
          "b80fad66-a2b9-485f-8f6c-8ffdfa642b82"
        ],
        "Server": [
          "Microsoft-HTTPAPI/2.0"
        ],
        "x-ms-ratelimit-remaining-subscription-reads": [
          "11996"
        ],
        "x-ms-correlation-request-id": [
          "18808a6a-0518-44a6-a6f7-926e50412dbd"
        ],
        "x-ms-routing-request-id": [
          "WESTUS2:20190430T200514Z:18808a6a-0518-44a6-a6f7-926e50412dbd"
        ],
        "X-Content-Type-Options": [
          "nosniff"
        ],
        "Date": [
          "Tue, 30 Apr 2019 20:05:14 GMT"
        ],
        "Content-Length": [
          "1517"
        ],
        "Content-Type": [
          "application/json; charset=utf-8"
        ],
        "Expires": [
          "-1"
        ]
      },
      "ResponseBody": "{\r\n  \"value\": [\r\n    {\r\n      \"id\": \"/subscriptions/a200340d-6b82-494d-9dbf-687ba6e33f9e/resourceGroups/powershelltest/providers/Microsoft.ApiManagement/service/powershellsdkservice/products/starter/apis/echo-api\",\r\n      \"type\": \"Microsoft.ApiManagement/service/products/apis\",\r\n      \"name\": \"echo-api\",\r\n      \"properties\": {\r\n        \"displayName\": \"Echo API\",\r\n        \"apiRevision\": \"1\",\r\n        \"description\": null,\r\n        \"serviceUrl\": \"http://echoapi.cloudapp.net/api\",\r\n        \"path\": \"echo\",\r\n        \"protocols\": [\r\n          \"https\"\r\n        ],\r\n        \"authenticationSettings\": null,\r\n        \"subscriptionKeyParameterNames\": null,\r\n        \"isCurrent\": true\r\n      }\r\n    },\r\n    {\r\n      \"id\": \"/subscriptions/a200340d-6b82-494d-9dbf-687ba6e33f9e/resourceGroups/powershelltest/providers/Microsoft.ApiManagement/service/powershellsdkservice/products/starter/apis/ps8949\",\r\n      \"type\": \"Microsoft.ApiManagement/service/products/apis\",\r\n      \"name\": \"ps8949\",\r\n      \"properties\": {\r\n        \"displayName\": \"Swagger Petstore Extensive\",\r\n        \"apiRevision\": \"1\",\r\n        \"description\": \"A sample API that uses a petstore as an example to demonstrate features in the swagger-2.0 specification\",\r\n        \"serviceUrl\": \"http://petstore.swagger.wordnik.com/api\",\r\n        \"path\": \"swaggerapifromFile\",\r\n        \"protocols\": [\r\n          \"http\"\r\n        ],\r\n        \"authenticationSettings\": null,\r\n        \"subscriptionKeyParameterNames\": null,\r\n        \"isCurrent\": true\r\n      }\r\n    }\r\n  ]\r\n}",
      "StatusCode": 200
    },
    {
      "RequestUri": "/subscriptions/a200340d-6b82-494d-9dbf-687ba6e33f9e/resourceGroups/powershelltest/providers/Microsoft.ApiManagement/service/powershellsdkservice/apis/ps8949/operations?api-version=2019-01-01",
      "EncodedRequestUri": "L3N1YnNjcmlwdGlvbnMvYTIwMDM0MGQtNmI4Mi00OTRkLTlkYmYtNjg3YmE2ZTMzZjllL3Jlc291cmNlR3JvdXBzL3Bvd2Vyc2hlbGx0ZXN0L3Byb3ZpZGVycy9NaWNyb3NvZnQuQXBpTWFuYWdlbWVudC9zZXJ2aWNlL3Bvd2Vyc2hlbGxzZGtzZXJ2aWNlL2FwaXMvcHM4OTQ5L29wZXJhdGlvbnM/YXBpLXZlcnNpb249MjAxOS0wMS0wMQ==",
      "RequestMethod": "GET",
      "RequestBody": "",
      "RequestHeaders": {
        "x-ms-client-request-id": [
          "556a995b-deb5-45d6-a989-5a3b8ba0334a"
        ],
        "Accept-Language": [
          "en-US"
        ],
        "User-Agent": [
          "FxVersion/4.6.27414.06",
          "OSName/Windows",
          "OSVersion/Microsoft.Windows.10.0.17763.",
          "Microsoft.Azure.Management.ApiManagement.ApiManagementClient/4.9.0.0"
        ]
      },
      "ResponseHeaders": {
        "Cache-Control": [
          "no-cache"
        ],
        "Pragma": [
          "no-cache"
        ],
        "Strict-Transport-Security": [
          "max-age=31536000; includeSubDomains"
        ],
        "x-ms-request-id": [
          "e45a6834-b71d-4e32-b67b-df36c75f1895"
        ],
        "Server": [
          "Microsoft-HTTPAPI/2.0"
        ],
        "x-ms-ratelimit-remaining-subscription-reads": [
          "11995"
        ],
        "x-ms-correlation-request-id": [
          "92c27047-299d-4de7-956c-d2dd0971848f"
        ],
        "x-ms-routing-request-id": [
          "WESTUS2:20190430T200514Z:92c27047-299d-4de7-956c-d2dd0971848f"
        ],
        "X-Content-Type-Options": [
          "nosniff"
        ],
        "Date": [
          "Tue, 30 Apr 2019 20:05:14 GMT"
        ],
        "Content-Length": [
          "18927"
        ],
        "Content-Type": [
          "application/json; charset=utf-8"
        ],
        "Expires": [
          "-1"
        ]
      },
      "ResponseBody": "{\r\n  \"value\": [\r\n    {\r\n      \"id\": \"/subscriptions/a200340d-6b82-494d-9dbf-687ba6e33f9e/resourceGroups/powershelltest/providers/Microsoft.ApiManagement/service/powershellsdkservice/apis/ps8949/operations/addPet\",\r\n      \"type\": \"Microsoft.ApiManagement/service/apis/operations\",\r\n      \"name\": \"addPet\",\r\n      \"properties\": {\r\n        \"displayName\": \"addPet\",\r\n        \"method\": \"POST\",\r\n        \"urlTemplate\": \"/pets\",\r\n        \"templateParameters\": [],\r\n        \"description\": \"Creates a new pet in the store.  Duplicates are allowed\",\r\n        \"request\": {\r\n          \"description\": \"Pet to add to the store\",\r\n          \"queryParameters\": [],\r\n          \"headers\": [],\r\n          \"representations\": [\r\n            {\r\n              \"contentType\": \"application/json\",\r\n              \"schemaId\": \"5cc8aa5a16271c064c3c6a95\",\r\n              \"typeName\": \"newPet\"\r\n            }\r\n          ]\r\n        },\r\n        \"responses\": [\r\n          {\r\n            \"statusCode\": 200,\r\n            \"description\": \"pet response\",\r\n            \"representations\": [\r\n              {\r\n                \"contentType\": \"application/json\",\r\n                \"schemaId\": \"5cc8aa5a16271c064c3c6a95\",\r\n                \"typeName\": \"pet\",\r\n                \"generatedSample\": \"{\\r\\n  \\\"id\\\": 0,\\r\\n  \\\"name\\\": \\\"string\\\",\\r\\n  \\\"tag\\\": \\\"string\\\"\\r\\n}\"\r\n              }\r\n            ],\r\n            \"headers\": []\r\n          },\r\n          {\r\n            \"statusCode\": 500,\r\n            \"description\": \"unexpected error\",\r\n            \"representations\": [\r\n              {\r\n                \"contentType\": \"application/json\",\r\n                \"schemaId\": \"5cc8aa5a16271c064c3c6a95\",\r\n                \"typeName\": \"errorModel\",\r\n                \"generatedSample\": \"{\\r\\n  \\\"code\\\": 0,\\r\\n  \\\"message\\\": \\\"string\\\"\\r\\n}\"\r\n              }\r\n            ],\r\n            \"headers\": []\r\n          }\r\n        ],\r\n        \"policies\": null\r\n      }\r\n    },\r\n    {\r\n      \"id\": \"/subscriptions/a200340d-6b82-494d-9dbf-687ba6e33f9e/resourceGroups/powershelltest/providers/Microsoft.ApiManagement/service/powershellsdkservice/apis/ps8949/operations/deletePet\",\r\n      \"type\": \"Microsoft.ApiManagement/service/apis/operations\",\r\n      \"name\": \"deletePet\",\r\n      \"properties\": {\r\n        \"displayName\": \"deletePet\",\r\n        \"method\": \"DELETE\",\r\n        \"urlTemplate\": \"/pets/{id}\",\r\n        \"templateParameters\": [\r\n          {\r\n            \"name\": \"id\",\r\n            \"description\": \"Format - int64. ID of pet to delete\",\r\n            \"type\": \"integer\",\r\n            \"required\": true,\r\n            \"values\": []\r\n          }\r\n        ],\r\n        \"description\": \"deletes a single pet based on the ID supplied\",\r\n        \"responses\": [\r\n          {\r\n            \"statusCode\": 204,\r\n            \"description\": \"pet deleted\",\r\n            \"representations\": [\r\n              {\r\n                \"contentType\": \"application/json\"\r\n              }\r\n            ],\r\n            \"headers\": []\r\n          },\r\n          {\r\n            \"statusCode\": 500,\r\n            \"description\": \"unexpected error\",\r\n            \"representations\": [\r\n              {\r\n                \"contentType\": \"application/json\",\r\n                \"schemaId\": \"5cc8aa5a16271c064c3c6a95\",\r\n                \"typeName\": \"errorModel\",\r\n                \"generatedSample\": \"{\\r\\n  \\\"code\\\": 0,\\r\\n  \\\"message\\\": \\\"string\\\"\\r\\n}\"\r\n              }\r\n            ],\r\n            \"headers\": []\r\n          }\r\n        ],\r\n        \"policies\": null\r\n      }\r\n    },\r\n    {\r\n      \"id\": \"/subscriptions/a200340d-6b82-494d-9dbf-687ba6e33f9e/resourceGroups/powershelltest/providers/Microsoft.ApiManagement/service/powershellsdkservice/apis/ps8949/operations/dummyid1\",\r\n      \"type\": \"Microsoft.ApiManagement/service/apis/operations\",\r\n      \"name\": \"dummyid1\",\r\n      \"properties\": {\r\n        \"displayName\": \"dummyid1\",\r\n        \"method\": \"POST\",\r\n        \"urlTemplate\": \"/mySamplePath?dummyReqQueryParam={dummyReqQueryParam}\",\r\n        \"templateParameters\": [\r\n          {\r\n            \"name\": \"dummyReqQueryParam\",\r\n            \"description\": \"dummyReqQueryParam description\",\r\n            \"type\": \"string\",\r\n            \"required\": true,\r\n            \"values\": []\r\n          }\r\n        ],\r\n        \"description\": \"Dummy desc\",\r\n        \"request\": {\r\n          \"description\": \"dummyBodyParam description\",\r\n          \"queryParameters\": [\r\n            {\r\n              \"name\": \"dummyNotReqQueryParam\",\r\n              \"description\": \"dummyNotReqQueryParam description\",\r\n              \"type\": \"string\",\r\n              \"values\": []\r\n            }\r\n          ],\r\n          \"headers\": [\r\n            {\r\n              \"name\": \"dummyDateHeaderParam\",\r\n              \"description\": \"Format - date (as full-date in RFC3339). dummyDateHeaderParam description\",\r\n              \"type\": \"string\",\r\n              \"required\": true,\r\n              \"values\": []\r\n            }\r\n          ],\r\n          \"representations\": [\r\n            {\r\n              \"contentType\": \"application/json\",\r\n              \"sample\": \"{\\r\\n  \\\"id\\\": 2,\\r\\n  \\\"name\\\": \\\"myreqpet\\\"\\r\\n}\",\r\n              \"schemaId\": \"5cc8aa5a16271c064c3c6a95\",\r\n              \"typeName\": \"pet\"\r\n            }\r\n          ]\r\n        },\r\n        \"responses\": [\r\n          {\r\n            \"statusCode\": 200,\r\n            \"description\": \"pet response\",\r\n            \"representations\": [\r\n              {\r\n                \"contentType\": \"application/json\",\r\n                \"sample\": \"{\\r\\n  \\\"id\\\": 3,\\r\\n  \\\"name\\\": \\\"myresppet\\\"\\r\\n}\",\r\n                \"schemaId\": \"5cc8aa5a16271c064c3c6a95\",\r\n                \"typeName\": \"petArray\"\r\n              }\r\n            ],\r\n            \"headers\": [\r\n              {\r\n                \"name\": \"header1\",\r\n                \"description\": \"sampleheader\",\r\n                \"type\": \"integer\",\r\n                \"values\": []\r\n              }\r\n            ]\r\n          },\r\n          {\r\n            \"statusCode\": 500,\r\n            \"description\": \"unexpected error\",\r\n            \"representations\": [\r\n              {\r\n                \"contentType\": \"application/json\",\r\n                \"schemaId\": \"5cc8aa5a16271c064c3c6a95\",\r\n                \"typeName\": \"errorModel\",\r\n                \"generatedSample\": \"{\\r\\n  \\\"code\\\": 0,\\r\\n  \\\"message\\\": \\\"string\\\"\\r\\n}\"\r\n              }\r\n            ],\r\n            \"headers\": []\r\n          }\r\n        ],\r\n        \"policies\": null\r\n      }\r\n    },\r\n    {\r\n      \"id\": \"/subscriptions/a200340d-6b82-494d-9dbf-687ba6e33f9e/resourceGroups/powershelltest/providers/Microsoft.ApiManagement/service/powershellsdkservice/apis/ps8949/operations/dummyid2\",\r\n      \"type\": \"Microsoft.ApiManagement/service/apis/operations\",\r\n      \"name\": \"dummyid2\",\r\n      \"properties\": {\r\n        \"displayName\": \"dummyid2\",\r\n        \"method\": \"POST\",\r\n        \"urlTemplate\": \"/mySamplePath2?definedQueryParam={definedQueryParam}\",\r\n        \"templateParameters\": [\r\n          {\r\n            \"name\": \"definedQueryParam\",\r\n            \"description\": \"Format - whateverformat. definedQueryParam description\",\r\n            \"type\": \"string\",\r\n            \"required\": true,\r\n            \"values\": []\r\n          }\r\n        ],\r\n        \"description\": \"Dummy desc\",\r\n        \"request\": {\r\n          \"description\": \"definedBodyParam description\",\r\n          \"queryParameters\": [],\r\n          \"headers\": [],\r\n          \"representations\": [\r\n            {\r\n              \"contentType\": \"application/json\",\r\n              \"schemaId\": \"5cc8aa5a16271c064c3c6a95\",\r\n              \"typeName\": \"DefinedBodyParam\"\r\n            }\r\n          ]\r\n        },\r\n        \"responses\": [\r\n          {\r\n            \"statusCode\": 204,\r\n            \"description\": \"dummyResponseDef description\",\r\n            \"representations\": [\r\n              {\r\n                \"contentType\": \"contenttype1\",\r\n                \"sample\": \"contenttype1 example\",\r\n                \"schemaId\": \"5cc8aa5a16271c064c3c6a95\",\r\n                \"typeName\": \"pet\"\r\n              },\r\n              {\r\n                \"contentType\": \"contenttype2\",\r\n                \"sample\": \"contenttype2 example\",\r\n                \"schemaId\": \"5cc8aa5a16271c064c3c6a95\",\r\n                \"typeName\": \"pet\"\r\n              },\r\n              {\r\n                \"contentType\": \"application/xml\",\r\n                \"schemaId\": \"5cc8aa5a16271c064c3c6a95\",\r\n                \"typeName\": \"pet\",\r\n                \"generatedSample\": \"<pet>\\r\\n  <id>0</id>\\r\\n  <name>string</name>\\r\\n  <tag>string</tag>\\r\\n</pet>\"\r\n              }\r\n            ],\r\n            \"headers\": [\r\n              {\r\n                \"name\": \"header1\",\r\n                \"type\": \"integer\",\r\n                \"values\": []\r\n              },\r\n              {\r\n                \"name\": \"header2\",\r\n                \"type\": \"integer\",\r\n                \"values\": []\r\n              }\r\n            ]\r\n          }\r\n        ],\r\n        \"policies\": null\r\n      }\r\n    },\r\n    {\r\n      \"id\": \"/subscriptions/a200340d-6b82-494d-9dbf-687ba6e33f9e/resourceGroups/powershelltest/providers/Microsoft.ApiManagement/service/powershellsdkservice/apis/ps8949/operations/dummyOperationId\",\r\n      \"type\": \"Microsoft.ApiManagement/service/apis/operations\",\r\n      \"name\": \"dummyOperationId\",\r\n      \"properties\": {\r\n        \"displayName\": \"dummyOperationId\",\r\n        \"method\": \"GET\",\r\n        \"urlTemplate\": \"/pets2?dummyParam={dummyParam}\",\r\n        \"templateParameters\": [\r\n          {\r\n            \"name\": \"dummyParam\",\r\n            \"description\": \"dummyParam desc\",\r\n            \"type\": \"string\",\r\n            \"required\": true,\r\n            \"values\": []\r\n          }\r\n        ],\r\n        \"description\": \"Dummy description\",\r\n        \"request\": {\r\n          \"queryParameters\": [\r\n            {\r\n              \"name\": \"limit\",\r\n              \"description\": \"Format - int32. maximum number of results to return\",\r\n              \"type\": \"integer\",\r\n              \"values\": []\r\n            }\r\n          ],\r\n          \"headers\": [],\r\n          \"representations\": []\r\n        },\r\n        \"responses\": [\r\n          {\r\n            \"statusCode\": 200,\r\n            \"description\": \"pet response\",\r\n            \"representations\": [\r\n              {\r\n                \"contentType\": \"application/json\",\r\n                \"schemaId\": \"5cc8aa5a16271c064c3c6a95\",\r\n                \"typeName\": \"Pets2Get200ApplicationJsonResponse\",\r\n                \"generatedSample\": \"[\\r\\n  \\\"string\\\"\\r\\n]\"\r\n              }\r\n            ],\r\n            \"headers\": []\r\n          },\r\n          {\r\n            \"statusCode\": 500,\r\n            \"description\": \"unexpected error\",\r\n            \"representations\": [\r\n              {\r\n                \"contentType\": \"application/json\",\r\n                \"schemaId\": \"5cc8aa5a16271c064c3c6a95\",\r\n                \"typeName\": \"errorModel\",\r\n                \"generatedSample\": \"{\\r\\n  \\\"code\\\": 0,\\r\\n  \\\"message\\\": \\\"string\\\"\\r\\n}\"\r\n              }\r\n            ],\r\n            \"headers\": []\r\n          }\r\n        ],\r\n        \"policies\": null\r\n      }\r\n    },\r\n    {\r\n      \"id\": \"/subscriptions/a200340d-6b82-494d-9dbf-687ba6e33f9e/resourceGroups/powershelltest/providers/Microsoft.ApiManagement/service/powershellsdkservice/apis/ps8949/operations/findPetById\",\r\n      \"type\": \"Microsoft.ApiManagement/service/apis/operations\",\r\n      \"name\": \"findPetById\",\r\n      \"properties\": {\r\n        \"displayName\": \"findPetById\",\r\n        \"method\": \"GET\",\r\n        \"urlTemplate\": \"/pets/{id}\",\r\n        \"templateParameters\": [\r\n          {\r\n            \"name\": \"id\",\r\n            \"description\": \"Format - int64. ID of pet to fetch\",\r\n            \"type\": \"integer\",\r\n            \"required\": true,\r\n            \"values\": []\r\n          }\r\n        ],\r\n        \"description\": \"Returns a user based on a single ID, if the user does not have access to the pet\",\r\n        \"responses\": [\r\n          {\r\n            \"statusCode\": 200,\r\n            \"description\": \"pet response\",\r\n            \"representations\": [\r\n              {\r\n                \"contentType\": \"application/json\",\r\n                \"schemaId\": \"5cc8aa5a16271c064c3c6a95\",\r\n                \"typeName\": \"pet\",\r\n                \"generatedSample\": \"{\\r\\n  \\\"id\\\": 0,\\r\\n  \\\"name\\\": \\\"string\\\",\\r\\n  \\\"tag\\\": \\\"string\\\"\\r\\n}\"\r\n              },\r\n              {\r\n                \"contentType\": \"application/xml\",\r\n                \"schemaId\": \"5cc8aa5a16271c064c3c6a95\",\r\n                \"typeName\": \"pet\",\r\n                \"generatedSample\": \"<pet>\\r\\n  <id>0</id>\\r\\n  <name>string</name>\\r\\n  <tag>string</tag>\\r\\n</pet>\"\r\n              },\r\n              {\r\n                \"contentType\": \"text/xml\",\r\n                \"schemaId\": \"5cc8aa5a16271c064c3c6a95\",\r\n                \"typeName\": \"pet\",\r\n                \"generatedSample\": \"<pet>\\r\\n  <id>0</id>\\r\\n  <name>string</name>\\r\\n  <tag>string</tag>\\r\\n</pet>\"\r\n              },\r\n              {\r\n                \"contentType\": \"text/html\",\r\n                \"schemaId\": \"5cc8aa5a16271c064c3c6a95\",\r\n                \"typeName\": \"pet\",\r\n                \"generatedSample\": \"<pet>\\r\\n  <id>0</id>\\r\\n  <name>string</name>\\r\\n  <tag>string</tag>\\r\\n</pet>\"\r\n              }\r\n            ],\r\n            \"headers\": []\r\n          },\r\n          {\r\n            \"statusCode\": 500,\r\n            \"description\": \"unexpected error\",\r\n            \"representations\": [\r\n              {\r\n                \"contentType\": \"application/json\",\r\n                \"schemaId\": \"5cc8aa5a16271c064c3c6a95\",\r\n                \"typeName\": \"errorModel\",\r\n                \"generatedSample\": \"{\\r\\n  \\\"code\\\": 0,\\r\\n  \\\"message\\\": \\\"string\\\"\\r\\n}\"\r\n              },\r\n              {\r\n                \"contentType\": \"application/xml\",\r\n                \"schemaId\": \"5cc8aa5a16271c064c3c6a95\",\r\n                \"typeName\": \"errorModel\",\r\n                \"generatedSample\": \"<errorModel>\\r\\n  <code>0</code>\\r\\n  <message>string</message>\\r\\n</errorModel>\"\r\n              },\r\n              {\r\n                \"contentType\": \"text/xml\",\r\n                \"schemaId\": \"5cc8aa5a16271c064c3c6a95\",\r\n                \"typeName\": \"errorModel\",\r\n                \"generatedSample\": \"<errorModel>\\r\\n  <code>0</code>\\r\\n  <message>string</message>\\r\\n</errorModel>\"\r\n              },\r\n              {\r\n                \"contentType\": \"text/html\",\r\n                \"schemaId\": \"5cc8aa5a16271c064c3c6a95\",\r\n                \"typeName\": \"errorModel\",\r\n                \"generatedSample\": \"<errorModel>\\r\\n  <code>0</code>\\r\\n  <message>string</message>\\r\\n</errorModel>\"\r\n              }\r\n            ],\r\n            \"headers\": []\r\n          }\r\n        ],\r\n        \"policies\": null\r\n      }\r\n    },\r\n    {\r\n      \"id\": \"/subscriptions/a200340d-6b82-494d-9dbf-687ba6e33f9e/resourceGroups/powershelltest/providers/Microsoft.ApiManagement/service/powershellsdkservice/apis/ps8949/operations/findPets\",\r\n      \"type\": \"Microsoft.ApiManagement/service/apis/operations\",\r\n      \"name\": \"findPets\",\r\n      \"properties\": {\r\n        \"displayName\": \"findPets\",\r\n        \"method\": \"GET\",\r\n        \"urlTemplate\": \"/pets\",\r\n        \"templateParameters\": [],\r\n        \"description\": \"Returns all pets from the system that the user has access to\",\r\n        \"request\": {\r\n          \"queryParameters\": [\r\n            {\r\n              \"name\": \"tags\",\r\n              \"description\": \"tags to filter by\",\r\n              \"type\": \"string\",\r\n              \"values\": []\r\n            },\r\n            {\r\n              \"name\": \"limit\",\r\n              \"description\": \"Format - int32. maximum number of results to return\",\r\n              \"type\": \"integer\",\r\n              \"values\": []\r\n            }\r\n          ],\r\n          \"headers\": [],\r\n          \"representations\": []\r\n        },\r\n        \"responses\": [\r\n          {\r\n            \"statusCode\": 200,\r\n            \"description\": \"pet response\",\r\n            \"representations\": [\r\n              {\r\n                \"contentType\": \"application/json\",\r\n                \"schemaId\": \"5cc8aa5a16271c064c3c6a95\",\r\n                \"typeName\": \"petArray\",\r\n                \"generatedSample\": \"[\\r\\n  {\\r\\n    \\\"id\\\": 0,\\r\\n    \\\"name\\\": \\\"string\\\",\\r\\n    \\\"tag\\\": \\\"string\\\"\\r\\n  }\\r\\n]\"\r\n              },\r\n              {\r\n                \"contentType\": \"application/xml\",\r\n                \"schemaId\": \"5cc8aa5a16271c064c3c6a95\",\r\n                \"typeName\": \"petArray\",\r\n                \"generatedSample\": \"<petArray>\\r\\n  <id>0</id>\\r\\n  <name>string</name>\\r\\n  <tag>string</tag>\\r\\n</petArray>\"\r\n              }\r\n            ],\r\n            \"headers\": []\r\n          },\r\n          {\r\n            \"statusCode\": 500,\r\n            \"description\": \"unexpected error\",\r\n            \"representations\": [\r\n              {\r\n                \"contentType\": \"application/json\",\r\n                \"schemaId\": \"5cc8aa5a16271c064c3c6a95\",\r\n                \"typeName\": \"errorModel\",\r\n                \"generatedSample\": \"{\\r\\n  \\\"code\\\": 0,\\r\\n  \\\"message\\\": \\\"string\\\"\\r\\n}\"\r\n              },\r\n              {\r\n                \"contentType\": \"application/xml\",\r\n                \"schemaId\": \"5cc8aa5a16271c064c3c6a95\",\r\n                \"typeName\": \"errorModel\",\r\n                \"generatedSample\": \"<errorModel>\\r\\n  <code>0</code>\\r\\n  <message>string</message>\\r\\n</errorModel>\"\r\n              }\r\n            ],\r\n            \"headers\": []\r\n          }\r\n        ],\r\n        \"policies\": null\r\n      }\r\n    },\r\n    {\r\n      \"id\": \"/subscriptions/a200340d-6b82-494d-9dbf-687ba6e33f9e/resourceGroups/powershelltest/providers/Microsoft.ApiManagement/service/powershellsdkservice/apis/ps8949/operations/resourceWithFormDataPOST\",\r\n      \"type\": \"Microsoft.ApiManagement/service/apis/operations\",\r\n      \"name\": \"resourceWithFormDataPOST\",\r\n      \"properties\": {\r\n        \"displayName\": \"resourceWithFormDataPOST\",\r\n        \"method\": \"POST\",\r\n        \"urlTemplate\": \"/resourceWithFormData?dummyReqQueryParam={dummyReqQueryParam}\",\r\n        \"templateParameters\": [\r\n          {\r\n            \"name\": \"dummyReqQueryParam\",\r\n            \"description\": \"dummyReqQueryParam description\",\r\n            \"type\": \"string\",\r\n            \"required\": true,\r\n            \"values\": []\r\n          }\r\n        ],\r\n        \"description\": \"resourceWithFormData desc\",\r\n        \"request\": {\r\n          \"queryParameters\": [],\r\n          \"headers\": [],\r\n          \"representations\": [\r\n            {\r\n              \"contentType\": \"multipart/form-data\",\r\n              \"formParameters\": [\r\n                {\r\n                  \"name\": \"dummyFormDataParam\",\r\n                  \"description\": \"dummyFormDataParam description\",\r\n                  \"type\": \"string\",\r\n                  \"required\": true,\r\n                  \"values\": []\r\n                }\r\n              ]\r\n            }\r\n          ]\r\n        },\r\n        \"responses\": [\r\n          {\r\n            \"statusCode\": 200,\r\n            \"description\": \"sample response\",\r\n            \"representations\": [\r\n              {\r\n                \"contentType\": \"application/json\"\r\n              }\r\n            ],\r\n            \"headers\": []\r\n          }\r\n        ],\r\n        \"policies\": null\r\n      }\r\n    }\r\n  ]\r\n}",
      "StatusCode": 200
    },
    {
      "RequestUri": "/subscriptions/a200340d-6b82-494d-9dbf-687ba6e33f9e/resourceGroups/powershelltest/providers/Microsoft.ApiManagement/service/powershellsdkservice/apis/ps8949%3Brev%3D2?api-version=2019-01-01",
      "EncodedRequestUri": "L3N1YnNjcmlwdGlvbnMvYTIwMDM0MGQtNmI4Mi00OTRkLTlkYmYtNjg3YmE2ZTMzZjllL3Jlc291cmNlR3JvdXBzL3Bvd2Vyc2hlbGx0ZXN0L3Byb3ZpZGVycy9NaWNyb3NvZnQuQXBpTWFuYWdlbWVudC9zZXJ2aWNlL3Bvd2Vyc2hlbGxzZGtzZXJ2aWNlL2FwaXMvcHM4OTQ5JTNCcmV2JTNEMj9hcGktdmVyc2lvbj0yMDE5LTAxLTAx",
      "RequestMethod": "PUT",
      "RequestBody": "{\r\n  \"properties\": {\r\n    \"sourceApiId\": \"/apis/ps8949;rev=1\",\r\n    \"path\": \"swaggerapifromFile\"\r\n  }\r\n}",
      "RequestHeaders": {
        "x-ms-client-request-id": [
          "58667404-9a9a-4ff5-b0df-fca1b6d0904f"
        ],
        "Accept-Language": [
          "en-US"
        ],
        "User-Agent": [
          "FxVersion/4.6.27414.06",
          "OSName/Windows",
          "OSVersion/Microsoft.Windows.10.0.17763.",
          "Microsoft.Azure.Management.ApiManagement.ApiManagementClient/4.9.0.0"
        ],
        "Content-Type": [
          "application/json; charset=utf-8"
        ],
        "Content-Length": [
          "104"
        ]
      },
      "ResponseHeaders": {
        "Cache-Control": [
          "no-cache"
        ],
        "Pragma": [
          "no-cache"
        ],
        "ETag": [
          "\"AAAAAAAAXKw=\""
        ],
        "Strict-Transport-Security": [
          "max-age=31536000; includeSubDomains"
        ],
        "x-ms-request-id": [
          "e6e5cc59-0a79-4082-9def-7a418fb699d4"
        ],
        "Server": [
          "Microsoft-HTTPAPI/2.0"
        ],
        "x-ms-ratelimit-remaining-subscription-writes": [
          "1197"
        ],
        "x-ms-correlation-request-id": [
          "d89ca891-fbf7-44d2-a0b5-117ba77c5b99"
        ],
        "x-ms-routing-request-id": [
          "WESTUS2:20190430T200515Z:d89ca891-fbf7-44d2-a0b5-117ba77c5b99"
        ],
        "X-Content-Type-Options": [
          "nosniff"
        ],
        "Date": [
          "Tue, 30 Apr 2019 20:05:15 GMT"
        ],
        "Content-Length": [
          "837"
        ],
        "Content-Type": [
          "application/json; charset=utf-8"
        ],
        "Expires": [
          "-1"
        ]
      },
      "ResponseBody": "{\r\n  \"id\": \"/subscriptions/a200340d-6b82-494d-9dbf-687ba6e33f9e/resourceGroups/powershelltest/providers/Microsoft.ApiManagement/service/powershellsdkservice/apis/ps8949;rev=2\",\r\n  \"type\": \"Microsoft.ApiManagement/service/apis\",\r\n  \"name\": \"ps8949;rev=2\",\r\n  \"properties\": {\r\n    \"displayName\": \"Swagger Petstore Extensive\",\r\n    \"apiRevision\": \"2\",\r\n    \"description\": \"A sample API that uses a petstore as an example to demonstrate features in the swagger-2.0 specification\",\r\n    \"serviceUrl\": \"http://petstore.swagger.wordnik.com/api\",\r\n    \"path\": \"swaggerapifromFile\",\r\n    \"protocols\": [\r\n      \"http\"\r\n    ],\r\n    \"authenticationSettings\": {\r\n      \"oAuth2\": null,\r\n      \"openid\": null\r\n    },\r\n    \"subscriptionKeyParameterNames\": {\r\n      \"header\": \"Ocp-Apim-Subscription-Key\",\r\n      \"query\": \"subscription-key\"\r\n    }\r\n  }\r\n}",
      "StatusCode": 201
    },
    {
      "RequestUri": "/subscriptions/a200340d-6b82-494d-9dbf-687ba6e33f9e/resourceGroups/powershelltest/providers/Microsoft.ApiManagement/service/powershellsdkservice/apis/ps8949%3Brev%3D2?api-version=2019-01-01",
      "EncodedRequestUri": "L3N1YnNjcmlwdGlvbnMvYTIwMDM0MGQtNmI4Mi00OTRkLTlkYmYtNjg3YmE2ZTMzZjllL3Jlc291cmNlR3JvdXBzL3Bvd2Vyc2hlbGx0ZXN0L3Byb3ZpZGVycy9NaWNyb3NvZnQuQXBpTWFuYWdlbWVudC9zZXJ2aWNlL3Bvd2Vyc2hlbGxzZGtzZXJ2aWNlL2FwaXMvcHM4OTQ5JTNCcmV2JTNEMj9hcGktdmVyc2lvbj0yMDE5LTAxLTAx",
      "RequestMethod": "GET",
      "RequestBody": "",
      "RequestHeaders": {
        "User-Agent": [
          "FxVersion/4.6.27414.06",
          "OSName/Windows",
          "OSVersion/Microsoft.Windows.10.0.17763.",
          "Microsoft.Azure.Management.ApiManagement.ApiManagementClient/4.9.0.0"
        ]
      },
      "ResponseHeaders": {
        "Cache-Control": [
          "no-cache"
        ],
        "Pragma": [
          "no-cache"
        ],
        "ETag": [
          "\"AAAAAAAAXKw=\""
        ],
        "Strict-Transport-Security": [
          "max-age=31536000; includeSubDomains"
        ],
        "x-ms-request-id": [
          "9ef1aa84-dda0-41cb-9f71-0ee6c5086c2c"
        ],
        "Server": [
          "Microsoft-HTTPAPI/2.0"
        ],
        "x-ms-ratelimit-remaining-subscription-reads": [
          "11993"
        ],
        "x-ms-correlation-request-id": [
          "eb819d91-6de7-4129-8b9f-4dbc1808b187"
        ],
        "x-ms-routing-request-id": [
          "WESTUS2:20190430T200546Z:eb819d91-6de7-4129-8b9f-4dbc1808b187"
        ],
        "X-Content-Type-Options": [
          "nosniff"
        ],
        "Date": [
          "Tue, 30 Apr 2019 20:05:45 GMT"
        ],
        "Content-Length": [
          "837"
        ],
        "Content-Type": [
          "application/json; charset=utf-8"
        ],
        "Expires": [
          "-1"
        ]
      },
      "ResponseBody": "{\r\n  \"id\": \"/subscriptions/a200340d-6b82-494d-9dbf-687ba6e33f9e/resourceGroups/powershelltest/providers/Microsoft.ApiManagement/service/powershellsdkservice/apis/ps8949;rev=2\",\r\n  \"type\": \"Microsoft.ApiManagement/service/apis\",\r\n  \"name\": \"ps8949;rev=2\",\r\n  \"properties\": {\r\n    \"displayName\": \"Swagger Petstore Extensive\",\r\n    \"apiRevision\": \"2\",\r\n    \"description\": \"A sample API that uses a petstore as an example to demonstrate features in the swagger-2.0 specification\",\r\n    \"serviceUrl\": \"http://petstore.swagger.wordnik.com/api\",\r\n    \"path\": \"swaggerapifromFile\",\r\n    \"protocols\": [\r\n      \"http\"\r\n    ],\r\n    \"authenticationSettings\": {\r\n      \"oAuth2\": null,\r\n      \"openid\": null\r\n    },\r\n    \"subscriptionKeyParameterNames\": {\r\n      \"header\": \"Ocp-Apim-Subscription-Key\",\r\n      \"query\": \"subscription-key\"\r\n    }\r\n  }\r\n}",
      "StatusCode": 200
    },
    {
      "RequestUri": "/subscriptions/a200340d-6b82-494d-9dbf-687ba6e33f9e/resourceGroups/powershelltest/providers/Microsoft.ApiManagement/service/powershellsdkservice/apis/ps8949%3Brev%3D2?api-version=2019-01-01",
      "EncodedRequestUri": "L3N1YnNjcmlwdGlvbnMvYTIwMDM0MGQtNmI4Mi00OTRkLTlkYmYtNjg3YmE2ZTMzZjllL3Jlc291cmNlR3JvdXBzL3Bvd2Vyc2hlbGx0ZXN0L3Byb3ZpZGVycy9NaWNyb3NvZnQuQXBpTWFuYWdlbWVudC9zZXJ2aWNlL3Bvd2Vyc2hlbGxzZGtzZXJ2aWNlL2FwaXMvcHM4OTQ5JTNCcmV2JTNEMj9hcGktdmVyc2lvbj0yMDE5LTAxLTAx",
      "RequestMethod": "GET",
      "RequestBody": "",
      "RequestHeaders": {
        "x-ms-client-request-id": [
          "aa334e59-6df6-4a8f-9209-f5b5960a41aa"
        ],
        "Accept-Language": [
          "en-US"
        ],
        "User-Agent": [
          "FxVersion/4.6.27414.06",
          "OSName/Windows",
          "OSVersion/Microsoft.Windows.10.0.17763.",
          "Microsoft.Azure.Management.ApiManagement.ApiManagementClient/4.9.0.0"
        ]
      },
      "ResponseHeaders": {
        "Cache-Control": [
          "no-cache"
        ],
        "Pragma": [
          "no-cache"
        ],
        "ETag": [
          "\"AAAAAAAAXKw=\""
        ],
        "Strict-Transport-Security": [
          "max-age=31536000; includeSubDomains"
        ],
        "x-ms-request-id": [
          "de3019d8-7d67-4b32-908b-9706f30324a4"
        ],
        "Server": [
          "Microsoft-HTTPAPI/2.0"
        ],
        "x-ms-ratelimit-remaining-subscription-reads": [
          "11991"
        ],
        "x-ms-correlation-request-id": [
          "2b5bd887-236f-47ae-a264-b1569be83cc9"
        ],
        "x-ms-routing-request-id": [
          "WESTUS2:20190430T200546Z:2b5bd887-236f-47ae-a264-b1569be83cc9"
        ],
        "X-Content-Type-Options": [
          "nosniff"
        ],
        "Date": [
          "Tue, 30 Apr 2019 20:05:46 GMT"
        ],
        "Content-Length": [
          "837"
        ],
        "Content-Type": [
          "application/json; charset=utf-8"
        ],
        "Expires": [
          "-1"
        ]
      },
      "ResponseBody": "{\r\n  \"id\": \"/subscriptions/a200340d-6b82-494d-9dbf-687ba6e33f9e/resourceGroups/powershelltest/providers/Microsoft.ApiManagement/service/powershellsdkservice/apis/ps8949;rev=2\",\r\n  \"type\": \"Microsoft.ApiManagement/service/apis\",\r\n  \"name\": \"ps8949;rev=2\",\r\n  \"properties\": {\r\n    \"displayName\": \"Swagger Petstore Extensive\",\r\n    \"apiRevision\": \"2\",\r\n    \"description\": \"A sample API that uses a petstore as an example to demonstrate features in the swagger-2.0 specification\",\r\n    \"serviceUrl\": \"http://petstore.swagger.wordnik.com/api\",\r\n    \"path\": \"swaggerapifromFile\",\r\n    \"protocols\": [\r\n      \"http\"\r\n    ],\r\n    \"authenticationSettings\": {\r\n      \"oAuth2\": null,\r\n      \"openid\": null\r\n    },\r\n    \"subscriptionKeyParameterNames\": {\r\n      \"header\": \"Ocp-Apim-Subscription-Key\",\r\n      \"query\": \"subscription-key\"\r\n    }\r\n  }\r\n}",
      "StatusCode": 200
    },
    {
      "RequestUri": "/subscriptions/a200340d-6b82-494d-9dbf-687ba6e33f9e/resourceGroups/powershelltest/providers/Microsoft.ApiManagement/service/powershellsdkservice/apis/ps8949%3Brev%3D2/operations?api-version=2019-01-01",
      "EncodedRequestUri": "L3N1YnNjcmlwdGlvbnMvYTIwMDM0MGQtNmI4Mi00OTRkLTlkYmYtNjg3YmE2ZTMzZjllL3Jlc291cmNlR3JvdXBzL3Bvd2Vyc2hlbGx0ZXN0L3Byb3ZpZGVycy9NaWNyb3NvZnQuQXBpTWFuYWdlbWVudC9zZXJ2aWNlL3Bvd2Vyc2hlbGxzZGtzZXJ2aWNlL2FwaXMvcHM4OTQ5JTNCcmV2JTNEMi9vcGVyYXRpb25zP2FwaS12ZXJzaW9uPTIwMTktMDEtMDE=",
      "RequestMethod": "GET",
      "RequestBody": "",
      "RequestHeaders": {
        "x-ms-client-request-id": [
          "57b44ed3-75bb-4552-ae6d-b3343cb97008"
        ],
        "Accept-Language": [
          "en-US"
        ],
        "User-Agent": [
          "FxVersion/4.6.27414.06",
          "OSName/Windows",
          "OSVersion/Microsoft.Windows.10.0.17763.",
          "Microsoft.Azure.Management.ApiManagement.ApiManagementClient/4.9.0.0"
        ]
      },
      "ResponseHeaders": {
        "Cache-Control": [
          "no-cache"
        ],
        "Pragma": [
          "no-cache"
        ],
        "Strict-Transport-Security": [
          "max-age=31536000; includeSubDomains"
        ],
        "x-ms-request-id": [
          "3619927b-558c-4f55-bc64-a0f0362bfc21"
        ],
        "Server": [
          "Microsoft-HTTPAPI/2.0"
        ],
        "x-ms-ratelimit-remaining-subscription-reads": [
          "11992"
        ],
        "x-ms-correlation-request-id": [
          "57242586-7186-4483-bb69-c308776c6b97"
        ],
        "x-ms-routing-request-id": [
          "WESTUS2:20190430T200546Z:57242586-7186-4483-bb69-c308776c6b97"
        ],
        "X-Content-Type-Options": [
          "nosniff"
        ],
        "Date": [
          "Tue, 30 Apr 2019 20:05:46 GMT"
        ],
        "Content-Length": [
          "16908"
        ],
        "Content-Type": [
          "application/json; charset=utf-8"
        ],
        "Expires": [
          "-1"
        ]
      },
      "ResponseBody": "{\r\n  \"value\": [\r\n    {\r\n      \"id\": \"/subscriptions/a200340d-6b82-494d-9dbf-687ba6e33f9e/resourceGroups/powershelltest/providers/Microsoft.ApiManagement/service/powershellsdkservice/apis/ps8949;rev=2/operations/addPet\",\r\n      \"type\": \"Microsoft.ApiManagement/service/apis/operations\",\r\n      \"name\": \"addPet\",\r\n      \"properties\": {\r\n        \"displayName\": \"addPet\",\r\n        \"method\": \"POST\",\r\n        \"urlTemplate\": \"/pets\",\r\n        \"templateParameters\": [],\r\n        \"description\": \"Creates a new pet in the store.  Duplicates are allowed\",\r\n        \"request\": {\r\n          \"description\": \"Pet to add to the store\",\r\n          \"queryParameters\": [],\r\n          \"headers\": [],\r\n          \"representations\": [\r\n            {\r\n              \"contentType\": \"application/json\",\r\n              \"schemaId\": \"5cc8aa5a16271c064c3c6a95\",\r\n              \"typeName\": \"newPet\"\r\n            }\r\n          ]\r\n        },\r\n        \"responses\": [\r\n          {\r\n            \"statusCode\": 200,\r\n            \"description\": \"pet response\",\r\n            \"representations\": [\r\n              {\r\n                \"contentType\": \"application/json\",\r\n                \"schemaId\": \"5cc8aa5a16271c064c3c6a95\",\r\n                \"typeName\": \"pet\"\r\n              }\r\n            ],\r\n            \"headers\": []\r\n          },\r\n          {\r\n            \"statusCode\": 500,\r\n            \"description\": \"unexpected error\",\r\n            \"representations\": [\r\n              {\r\n                \"contentType\": \"application/json\",\r\n                \"schemaId\": \"5cc8aa5a16271c064c3c6a95\",\r\n                \"typeName\": \"errorModel\"\r\n              }\r\n            ],\r\n            \"headers\": []\r\n          }\r\n        ],\r\n        \"policies\": null\r\n      }\r\n    },\r\n    {\r\n      \"id\": \"/subscriptions/a200340d-6b82-494d-9dbf-687ba6e33f9e/resourceGroups/powershelltest/providers/Microsoft.ApiManagement/service/powershellsdkservice/apis/ps8949;rev=2/operations/deletePet\",\r\n      \"type\": \"Microsoft.ApiManagement/service/apis/operations\",\r\n      \"name\": \"deletePet\",\r\n      \"properties\": {\r\n        \"displayName\": \"deletePet\",\r\n        \"method\": \"DELETE\",\r\n        \"urlTemplate\": \"/pets/{id}\",\r\n        \"templateParameters\": [\r\n          {\r\n            \"name\": \"id\",\r\n            \"description\": \"Format - int64. ID of pet to delete\",\r\n            \"type\": \"integer\",\r\n            \"required\": true,\r\n            \"values\": []\r\n          }\r\n        ],\r\n        \"description\": \"deletes a single pet based on the ID supplied\",\r\n        \"responses\": [\r\n          {\r\n            \"statusCode\": 204,\r\n            \"description\": \"pet deleted\",\r\n            \"representations\": [\r\n              {\r\n                \"contentType\": \"application/json\"\r\n              }\r\n            ],\r\n            \"headers\": []\r\n          },\r\n          {\r\n            \"statusCode\": 500,\r\n            \"description\": \"unexpected error\",\r\n            \"representations\": [\r\n              {\r\n                \"contentType\": \"application/json\",\r\n                \"schemaId\": \"5cc8aa5a16271c064c3c6a95\",\r\n                \"typeName\": \"errorModel\"\r\n              }\r\n            ],\r\n            \"headers\": []\r\n          }\r\n        ],\r\n        \"policies\": null\r\n      }\r\n    },\r\n    {\r\n      \"id\": \"/subscriptions/a200340d-6b82-494d-9dbf-687ba6e33f9e/resourceGroups/powershelltest/providers/Microsoft.ApiManagement/service/powershellsdkservice/apis/ps8949;rev=2/operations/dummyid1\",\r\n      \"type\": \"Microsoft.ApiManagement/service/apis/operations\",\r\n      \"name\": \"dummyid1\",\r\n      \"properties\": {\r\n        \"displayName\": \"dummyid1\",\r\n        \"method\": \"POST\",\r\n        \"urlTemplate\": \"/mySamplePath?dummyReqQueryParam={dummyReqQueryParam}\",\r\n        \"templateParameters\": [\r\n          {\r\n            \"name\": \"dummyReqQueryParam\",\r\n            \"description\": \"dummyReqQueryParam description\",\r\n            \"type\": \"string\",\r\n            \"required\": true,\r\n            \"values\": []\r\n          }\r\n        ],\r\n        \"description\": \"Dummy desc\",\r\n        \"request\": {\r\n          \"description\": \"dummyBodyParam description\",\r\n          \"queryParameters\": [\r\n            {\r\n              \"name\": \"dummyNotReqQueryParam\",\r\n              \"description\": \"dummyNotReqQueryParam description\",\r\n              \"type\": \"string\",\r\n              \"values\": []\r\n            }\r\n          ],\r\n          \"headers\": [\r\n            {\r\n              \"name\": \"dummyDateHeaderParam\",\r\n              \"description\": \"Format - date (as full-date in RFC3339). dummyDateHeaderParam description\",\r\n              \"type\": \"string\",\r\n              \"required\": true,\r\n              \"values\": []\r\n            }\r\n          ],\r\n          \"representations\": [\r\n            {\r\n              \"contentType\": \"application/json\",\r\n              \"sample\": \"{\\r\\n  \\\"id\\\": 2,\\r\\n  \\\"name\\\": \\\"myreqpet\\\"\\r\\n}\",\r\n              \"schemaId\": \"5cc8aa5a16271c064c3c6a95\",\r\n              \"typeName\": \"pet\"\r\n            }\r\n          ]\r\n        },\r\n        \"responses\": [\r\n          {\r\n            \"statusCode\": 200,\r\n            \"description\": \"pet response\",\r\n            \"representations\": [\r\n              {\r\n                \"contentType\": \"application/json\",\r\n                \"sample\": \"{\\r\\n  \\\"id\\\": 3,\\r\\n  \\\"name\\\": \\\"myresppet\\\"\\r\\n}\",\r\n                \"schemaId\": \"5cc8aa5a16271c064c3c6a95\",\r\n                \"typeName\": \"petArray\"\r\n              }\r\n            ],\r\n            \"headers\": [\r\n              {\r\n                \"name\": \"header1\",\r\n                \"description\": \"sampleheader\",\r\n                \"type\": \"integer\",\r\n                \"values\": []\r\n              }\r\n            ]\r\n          },\r\n          {\r\n            \"statusCode\": 500,\r\n            \"description\": \"unexpected error\",\r\n            \"representations\": [\r\n              {\r\n                \"contentType\": \"application/json\",\r\n                \"schemaId\": \"5cc8aa5a16271c064c3c6a95\",\r\n                \"typeName\": \"errorModel\"\r\n              }\r\n            ],\r\n            \"headers\": []\r\n          }\r\n        ],\r\n        \"policies\": null\r\n      }\r\n    },\r\n    {\r\n      \"id\": \"/subscriptions/a200340d-6b82-494d-9dbf-687ba6e33f9e/resourceGroups/powershelltest/providers/Microsoft.ApiManagement/service/powershellsdkservice/apis/ps8949;rev=2/operations/dummyid2\",\r\n      \"type\": \"Microsoft.ApiManagement/service/apis/operations\",\r\n      \"name\": \"dummyid2\",\r\n      \"properties\": {\r\n        \"displayName\": \"dummyid2\",\r\n        \"method\": \"POST\",\r\n        \"urlTemplate\": \"/mySamplePath2?definedQueryParam={definedQueryParam}\",\r\n        \"templateParameters\": [\r\n          {\r\n            \"name\": \"definedQueryParam\",\r\n            \"description\": \"Format - whateverformat. definedQueryParam description\",\r\n            \"type\": \"string\",\r\n            \"required\": true,\r\n            \"values\": []\r\n          }\r\n        ],\r\n        \"description\": \"Dummy desc\",\r\n        \"request\": {\r\n          \"description\": \"definedBodyParam description\",\r\n          \"queryParameters\": [],\r\n          \"headers\": [],\r\n          \"representations\": [\r\n            {\r\n              \"contentType\": \"application/json\",\r\n              \"schemaId\": \"5cc8aa5a16271c064c3c6a95\",\r\n              \"typeName\": \"DefinedBodyParam\"\r\n            }\r\n          ]\r\n        },\r\n        \"responses\": [\r\n          {\r\n            \"statusCode\": 204,\r\n            \"description\": \"dummyResponseDef description\",\r\n            \"representations\": [\r\n              {\r\n                \"contentType\": \"contenttype1\",\r\n                \"sample\": \"contenttype1 example\",\r\n                \"schemaId\": \"5cc8aa5a16271c064c3c6a95\",\r\n                \"typeName\": \"pet\"\r\n              },\r\n              {\r\n                \"contentType\": \"contenttype2\",\r\n                \"sample\": \"contenttype2 example\",\r\n                \"schemaId\": \"5cc8aa5a16271c064c3c6a95\",\r\n                \"typeName\": \"pet\"\r\n              },\r\n              {\r\n                \"contentType\": \"application/xml\",\r\n                \"schemaId\": \"5cc8aa5a16271c064c3c6a95\",\r\n                \"typeName\": \"pet\"\r\n              }\r\n            ],\r\n            \"headers\": [\r\n              {\r\n                \"name\": \"header1\",\r\n                \"type\": \"integer\",\r\n                \"values\": []\r\n              },\r\n              {\r\n                \"name\": \"header2\",\r\n                \"type\": \"integer\",\r\n                \"values\": []\r\n              }\r\n            ]\r\n          }\r\n        ],\r\n        \"policies\": null\r\n      }\r\n    },\r\n    {\r\n      \"id\": \"/subscriptions/a200340d-6b82-494d-9dbf-687ba6e33f9e/resourceGroups/powershelltest/providers/Microsoft.ApiManagement/service/powershellsdkservice/apis/ps8949;rev=2/operations/dummyOperationId\",\r\n      \"type\": \"Microsoft.ApiManagement/service/apis/operations\",\r\n      \"name\": \"dummyOperationId\",\r\n      \"properties\": {\r\n        \"displayName\": \"dummyOperationId\",\r\n        \"method\": \"GET\",\r\n        \"urlTemplate\": \"/pets2?dummyParam={dummyParam}\",\r\n        \"templateParameters\": [\r\n          {\r\n            \"name\": \"dummyParam\",\r\n            \"description\": \"dummyParam desc\",\r\n            \"type\": \"string\",\r\n            \"required\": true,\r\n            \"values\": []\r\n          }\r\n        ],\r\n        \"description\": \"Dummy description\",\r\n        \"request\": {\r\n          \"queryParameters\": [\r\n            {\r\n              \"name\": \"limit\",\r\n              \"description\": \"Format - int32. maximum number of results to return\",\r\n              \"type\": \"integer\",\r\n              \"values\": []\r\n            }\r\n          ],\r\n          \"headers\": [],\r\n          \"representations\": []\r\n        },\r\n        \"responses\": [\r\n          {\r\n            \"statusCode\": 200,\r\n            \"description\": \"pet response\",\r\n            \"representations\": [\r\n              {\r\n                \"contentType\": \"application/json\",\r\n                \"schemaId\": \"5cc8aa5a16271c064c3c6a95\",\r\n                \"typeName\": \"Pets2Get200ApplicationJsonResponse\"\r\n              }\r\n            ],\r\n            \"headers\": []\r\n          },\r\n          {\r\n            \"statusCode\": 500,\r\n            \"description\": \"unexpected error\",\r\n            \"representations\": [\r\n              {\r\n                \"contentType\": \"application/json\",\r\n                \"schemaId\": \"5cc8aa5a16271c064c3c6a95\",\r\n                \"typeName\": \"errorModel\"\r\n              }\r\n            ],\r\n            \"headers\": []\r\n          }\r\n        ],\r\n        \"policies\": null\r\n      }\r\n    },\r\n    {\r\n      \"id\": \"/subscriptions/a200340d-6b82-494d-9dbf-687ba6e33f9e/resourceGroups/powershelltest/providers/Microsoft.ApiManagement/service/powershellsdkservice/apis/ps8949;rev=2/operations/findPetById\",\r\n      \"type\": \"Microsoft.ApiManagement/service/apis/operations\",\r\n      \"name\": \"findPetById\",\r\n      \"properties\": {\r\n        \"displayName\": \"findPetById\",\r\n        \"method\": \"GET\",\r\n        \"urlTemplate\": \"/pets/{id}\",\r\n        \"templateParameters\": [\r\n          {\r\n            \"name\": \"id\",\r\n            \"description\": \"Format - int64. ID of pet to fetch\",\r\n            \"type\": \"integer\",\r\n            \"required\": true,\r\n            \"values\": []\r\n          }\r\n        ],\r\n        \"description\": \"Returns a user based on a single ID, if the user does not have access to the pet\",\r\n        \"responses\": [\r\n          {\r\n            \"statusCode\": 200,\r\n            \"description\": \"pet response\",\r\n            \"representations\": [\r\n              {\r\n                \"contentType\": \"application/json\",\r\n                \"schemaId\": \"5cc8aa5a16271c064c3c6a95\",\r\n                \"typeName\": \"pet\"\r\n              },\r\n              {\r\n                \"contentType\": \"application/xml\",\r\n                \"schemaId\": \"5cc8aa5a16271c064c3c6a95\",\r\n                \"typeName\": \"pet\"\r\n              },\r\n              {\r\n                \"contentType\": \"text/xml\",\r\n                \"schemaId\": \"5cc8aa5a16271c064c3c6a95\",\r\n                \"typeName\": \"pet\"\r\n              },\r\n              {\r\n                \"contentType\": \"text/html\",\r\n                \"schemaId\": \"5cc8aa5a16271c064c3c6a95\",\r\n                \"typeName\": \"pet\"\r\n              }\r\n            ],\r\n            \"headers\": []\r\n          },\r\n          {\r\n            \"statusCode\": 500,\r\n            \"description\": \"unexpected error\",\r\n            \"representations\": [\r\n              {\r\n                \"contentType\": \"application/json\",\r\n                \"schemaId\": \"5cc8aa5a16271c064c3c6a95\",\r\n                \"typeName\": \"errorModel\"\r\n              },\r\n              {\r\n                \"contentType\": \"application/xml\",\r\n                \"schemaId\": \"5cc8aa5a16271c064c3c6a95\",\r\n                \"typeName\": \"errorModel\"\r\n              },\r\n              {\r\n                \"contentType\": \"text/xml\",\r\n                \"schemaId\": \"5cc8aa5a16271c064c3c6a95\",\r\n                \"typeName\": \"errorModel\"\r\n              },\r\n              {\r\n                \"contentType\": \"text/html\",\r\n                \"schemaId\": \"5cc8aa5a16271c064c3c6a95\",\r\n                \"typeName\": \"errorModel\"\r\n              }\r\n            ],\r\n            \"headers\": []\r\n          }\r\n        ],\r\n        \"policies\": null\r\n      }\r\n    },\r\n    {\r\n      \"id\": \"/subscriptions/a200340d-6b82-494d-9dbf-687ba6e33f9e/resourceGroups/powershelltest/providers/Microsoft.ApiManagement/service/powershellsdkservice/apis/ps8949;rev=2/operations/findPets\",\r\n      \"type\": \"Microsoft.ApiManagement/service/apis/operations\",\r\n      \"name\": \"findPets\",\r\n      \"properties\": {\r\n        \"displayName\": \"findPets\",\r\n        \"method\": \"GET\",\r\n        \"urlTemplate\": \"/pets\",\r\n        \"templateParameters\": [],\r\n        \"description\": \"Returns all pets from the system that the user has access to\",\r\n        \"request\": {\r\n          \"queryParameters\": [\r\n            {\r\n              \"name\": \"tags\",\r\n              \"description\": \"tags to filter by\",\r\n              \"type\": \"string\",\r\n              \"values\": []\r\n            },\r\n            {\r\n              \"name\": \"limit\",\r\n              \"description\": \"Format - int32. maximum number of results to return\",\r\n              \"type\": \"integer\",\r\n              \"values\": []\r\n            }\r\n          ],\r\n          \"headers\": [],\r\n          \"representations\": []\r\n        },\r\n        \"responses\": [\r\n          {\r\n            \"statusCode\": 200,\r\n            \"description\": \"pet response\",\r\n            \"representations\": [\r\n              {\r\n                \"contentType\": \"application/json\",\r\n                \"schemaId\": \"5cc8aa5a16271c064c3c6a95\",\r\n                \"typeName\": \"petArray\"\r\n              },\r\n              {\r\n                \"contentType\": \"application/xml\",\r\n                \"schemaId\": \"5cc8aa5a16271c064c3c6a95\",\r\n                \"typeName\": \"petArray\"\r\n              }\r\n            ],\r\n            \"headers\": []\r\n          },\r\n          {\r\n            \"statusCode\": 500,\r\n            \"description\": \"unexpected error\",\r\n            \"representations\": [\r\n              {\r\n                \"contentType\": \"application/json\",\r\n                \"schemaId\": \"5cc8aa5a16271c064c3c6a95\",\r\n                \"typeName\": \"errorModel\"\r\n              },\r\n              {\r\n                \"contentType\": \"application/xml\",\r\n                \"schemaId\": \"5cc8aa5a16271c064c3c6a95\",\r\n                \"typeName\": \"errorModel\"\r\n              }\r\n            ],\r\n            \"headers\": []\r\n          }\r\n        ],\r\n        \"policies\": null\r\n      }\r\n    },\r\n    {\r\n      \"id\": \"/subscriptions/a200340d-6b82-494d-9dbf-687ba6e33f9e/resourceGroups/powershelltest/providers/Microsoft.ApiManagement/service/powershellsdkservice/apis/ps8949;rev=2/operations/resourceWithFormDataPOST\",\r\n      \"type\": \"Microsoft.ApiManagement/service/apis/operations\",\r\n      \"name\": \"resourceWithFormDataPOST\",\r\n      \"properties\": {\r\n        \"displayName\": \"resourceWithFormDataPOST\",\r\n        \"method\": \"POST\",\r\n        \"urlTemplate\": \"/resourceWithFormData?dummyReqQueryParam={dummyReqQueryParam}\",\r\n        \"templateParameters\": [\r\n          {\r\n            \"name\": \"dummyReqQueryParam\",\r\n            \"description\": \"dummyReqQueryParam description\",\r\n            \"type\": \"string\",\r\n            \"required\": true,\r\n            \"values\": []\r\n          }\r\n        ],\r\n        \"description\": \"resourceWithFormData desc\",\r\n        \"request\": {\r\n          \"queryParameters\": [],\r\n          \"headers\": [],\r\n          \"representations\": [\r\n            {\r\n              \"contentType\": \"multipart/form-data\",\r\n              \"formParameters\": [\r\n                {\r\n                  \"name\": \"dummyFormDataParam\",\r\n                  \"description\": \"dummyFormDataParam description\",\r\n                  \"type\": \"string\",\r\n                  \"required\": true,\r\n                  \"values\": []\r\n                }\r\n              ]\r\n            }\r\n          ]\r\n        },\r\n        \"responses\": [\r\n          {\r\n            \"statusCode\": 200,\r\n            \"description\": \"sample response\",\r\n            \"representations\": [\r\n              {\r\n                \"contentType\": \"application/json\"\r\n              }\r\n            ],\r\n            \"headers\": []\r\n          }\r\n        ],\r\n        \"policies\": null\r\n      }\r\n    }\r\n  ]\r\n}",
      "StatusCode": 200
    },
    {
      "RequestUri": "/subscriptions/a200340d-6b82-494d-9dbf-687ba6e33f9e/resourceGroups/powershelltest/providers/Microsoft.ApiManagement/service/powershellsdkservice/apis/ps8949/revisions?api-version=2019-01-01",
      "EncodedRequestUri": "L3N1YnNjcmlwdGlvbnMvYTIwMDM0MGQtNmI4Mi00OTRkLTlkYmYtNjg3YmE2ZTMzZjllL3Jlc291cmNlR3JvdXBzL3Bvd2Vyc2hlbGx0ZXN0L3Byb3ZpZGVycy9NaWNyb3NvZnQuQXBpTWFuYWdlbWVudC9zZXJ2aWNlL3Bvd2Vyc2hlbGxzZGtzZXJ2aWNlL2FwaXMvcHM4OTQ5L3JldmlzaW9ucz9hcGktdmVyc2lvbj0yMDE5LTAxLTAx",
      "RequestMethod": "GET",
      "RequestBody": "",
      "RequestHeaders": {
        "x-ms-client-request-id": [
          "07093a58-ac13-4518-9828-a00df90a0180"
        ],
        "Accept-Language": [
          "en-US"
        ],
        "User-Agent": [
          "FxVersion/4.6.27414.06",
          "OSName/Windows",
          "OSVersion/Microsoft.Windows.10.0.17763.",
          "Microsoft.Azure.Management.ApiManagement.ApiManagementClient/4.9.0.0"
        ]
      },
      "ResponseHeaders": {
        "Cache-Control": [
          "no-cache"
        ],
        "Pragma": [
          "no-cache"
        ],
        "Strict-Transport-Security": [
          "max-age=31536000; includeSubDomains"
        ],
        "x-ms-request-id": [
          "c9c43ffa-081c-4869-be82-4d525c86272a"
        ],
        "Server": [
          "Microsoft-HTTPAPI/2.0"
        ],
        "x-ms-ratelimit-remaining-subscription-reads": [
          "11990"
        ],
        "x-ms-correlation-request-id": [
          "06f1a574-baf1-4c24-9807-368f13b4e8aa"
        ],
        "x-ms-routing-request-id": [
          "WESTUS2:20190430T200547Z:06f1a574-baf1-4c24-9807-368f13b4e8aa"
        ],
        "X-Content-Type-Options": [
          "nosniff"
        ],
        "Date": [
          "Tue, 30 Apr 2019 20:05:46 GMT"
        ],
        "Content-Length": [
          "496"
        ],
        "Content-Type": [
          "application/json; charset=utf-8"
        ],
        "Expires": [
          "-1"
        ]
      },
      "ResponseBody": "{\r\n  \"value\": [\r\n    {\r\n      \"apiId\": \"/apis/ps8949;rev=2\",\r\n      \"apiRevision\": \"2\",\r\n      \"createdDateTime\": \"2019-04-30T20:05:15.363Z\",\r\n      \"updatedDateTime\": \"2019-04-30T20:05:15.457Z\",\r\n      \"description\": null,\r\n      \"privateUrl\": \"/swaggerapifromFile;rev=2\",\r\n      \"isOnline\": true,\r\n      \"isCurrent\": false\r\n    },\r\n    {\r\n      \"apiId\": \"/apis/ps8949;rev=1\",\r\n      \"apiRevision\": \"1\",\r\n      \"createdDateTime\": \"2019-04-30T20:04:42.753Z\",\r\n      \"updatedDateTime\": \"2019-04-30T20:04:42.787Z\",\r\n      \"description\": null,\r\n      \"privateUrl\": \"/swaggerapifromFile\",\r\n      \"isOnline\": true,\r\n      \"isCurrent\": true\r\n    }\r\n  ],\r\n  \"count\": 2,\r\n  \"nextLink\": null\r\n}",
      "StatusCode": 200
    },
    {
      "RequestUri": "/subscriptions/a200340d-6b82-494d-9dbf-687ba6e33f9e/resourceGroups/powershelltest/providers/Microsoft.ApiManagement/service/powershellsdkservice/apis/ps8949/releases/ps7350?api-version=2019-01-01",
      "EncodedRequestUri": "L3N1YnNjcmlwdGlvbnMvYTIwMDM0MGQtNmI4Mi00OTRkLTlkYmYtNjg3YmE2ZTMzZjllL3Jlc291cmNlR3JvdXBzL3Bvd2Vyc2hlbGx0ZXN0L3Byb3ZpZGVycy9NaWNyb3NvZnQuQXBpTWFuYWdlbWVudC9zZXJ2aWNlL3Bvd2Vyc2hlbGxzZGtzZXJ2aWNlL2FwaXMvcHM4OTQ5L3JlbGVhc2VzL3BzNzM1MD9hcGktdmVyc2lvbj0yMDE5LTAxLTAx",
      "RequestMethod": "PUT",
      "RequestBody": "{\r\n  \"properties\": {\r\n    \"apiId\": \"/apis/ps8949;rev=2\",\r\n    \"notes\": \"ps110\"\r\n  }\r\n}",
      "RequestHeaders": {
        "x-ms-client-request-id": [
          "ad510698-e59c-4201-b550-4186f21f72a7"
        ],
        "Accept-Language": [
          "en-US"
        ],
        "User-Agent": [
          "FxVersion/4.6.27414.06",
          "OSName/Windows",
          "OSVersion/Microsoft.Windows.10.0.17763.",
          "Microsoft.Azure.Management.ApiManagement.ApiManagementClient/4.9.0.0"
        ],
        "Content-Type": [
          "application/json; charset=utf-8"
        ],
        "Content-Length": [
          "86"
        ]
      },
      "ResponseHeaders": {
        "Cache-Control": [
          "no-cache"
        ],
        "Pragma": [
          "no-cache"
        ],
        "ETag": [
          "\"AAAAAAAAXM0=\""
        ],
        "Strict-Transport-Security": [
          "max-age=31536000; includeSubDomains"
        ],
        "x-ms-request-id": [
          "21e8b8c3-2306-4b00-a516-a94e79f7df0d"
        ],
        "Server": [
          "Microsoft-HTTPAPI/2.0"
        ],
        "x-ms-ratelimit-remaining-subscription-writes": [
          "1196"
        ],
        "x-ms-correlation-request-id": [
          "dd8be4ef-816a-4be2-a01e-6ced2d76d316"
        ],
        "x-ms-routing-request-id": [
          "WESTUS2:20190430T200547Z:dd8be4ef-816a-4be2-a01e-6ced2d76d316"
        ],
        "X-Content-Type-Options": [
          "nosniff"
        ],
        "Date": [
          "Tue, 30 Apr 2019 20:05:47 GMT"
        ],
        "Content-Length": [
          "602"
        ],
        "Content-Type": [
          "application/json; charset=utf-8"
        ],
        "Expires": [
          "-1"
        ]
      },
      "ResponseBody": "{\r\n  \"id\": \"/subscriptions/a200340d-6b82-494d-9dbf-687ba6e33f9e/resourceGroups/powershelltest/providers/Microsoft.ApiManagement/service/powershellsdkservice/apis/ps8949/releases/ps7350\",\r\n  \"type\": \"Microsoft.ApiManagement/service/apis/releases\",\r\n  \"name\": \"ps7350\",\r\n  \"properties\": {\r\n    \"apiId\": \"/subscriptions/a200340d-6b82-494d-9dbf-687ba6e33f9e/resourceGroups/powershelltest/providers/Microsoft.ApiManagement/service/powershellsdkservice/apis/ps8949\",\r\n    \"createdDateTime\": \"2019-04-30T20:05:47.2852404Z\",\r\n    \"updatedDateTime\": \"2019-04-30T20:05:47.2852404Z\",\r\n    \"notes\": \"ps110\"\r\n  }\r\n}",
      "StatusCode": 201
    },
    {
      "RequestUri": "/subscriptions/a200340d-6b82-494d-9dbf-687ba6e33f9e/resourceGroups/powershelltest/providers/Microsoft.ApiManagement/service/powershellsdkservice/apis/ps8949/releases/ps7350?api-version=2019-01-01",
      "EncodedRequestUri": "L3N1YnNjcmlwdGlvbnMvYTIwMDM0MGQtNmI4Mi00OTRkLTlkYmYtNjg3YmE2ZTMzZjllL3Jlc291cmNlR3JvdXBzL3Bvd2Vyc2hlbGx0ZXN0L3Byb3ZpZGVycy9NaWNyb3NvZnQuQXBpTWFuYWdlbWVudC9zZXJ2aWNlL3Bvd2Vyc2hlbGxzZGtzZXJ2aWNlL2FwaXMvcHM4OTQ5L3JlbGVhc2VzL3BzNzM1MD9hcGktdmVyc2lvbj0yMDE5LTAxLTAx",
      "RequestMethod": "GET",
      "RequestBody": "",
      "RequestHeaders": {
        "x-ms-client-request-id": [
          "2e0c2f97-5cb0-4ba8-9f68-4747940ed00d"
        ],
        "Accept-Language": [
          "en-US"
        ],
        "User-Agent": [
          "FxVersion/4.6.27414.06",
          "OSName/Windows",
          "OSVersion/Microsoft.Windows.10.0.17763.",
          "Microsoft.Azure.Management.ApiManagement.ApiManagementClient/4.9.0.0"
        ]
      },
      "ResponseHeaders": {
        "Cache-Control": [
          "no-cache"
        ],
        "Pragma": [
          "no-cache"
        ],
        "ETag": [
          "\"AAAAAAAAXM0=\""
        ],
        "Strict-Transport-Security": [
          "max-age=31536000; includeSubDomains"
        ],
        "x-ms-request-id": [
          "4aeb5cd6-a525-49ac-ab78-3e7bd0c27799"
        ],
        "Server": [
          "Microsoft-HTTPAPI/2.0"
        ],
        "x-ms-ratelimit-remaining-subscription-reads": [
          "11989"
        ],
        "x-ms-correlation-request-id": [
          "55ac6539-c305-492a-bb5c-7b34ced07f00"
        ],
        "x-ms-routing-request-id": [
          "WESTUS2:20190430T200547Z:55ac6539-c305-492a-bb5c-7b34ced07f00"
        ],
        "X-Content-Type-Options": [
          "nosniff"
        ],
        "Date": [
          "Tue, 30 Apr 2019 20:05:47 GMT"
        ],
        "Content-Length": [
          "594"
        ],
        "Content-Type": [
          "application/json; charset=utf-8"
        ],
        "Expires": [
          "-1"
        ]
      },
      "ResponseBody": "{\r\n  \"id\": \"/subscriptions/a200340d-6b82-494d-9dbf-687ba6e33f9e/resourceGroups/powershelltest/providers/Microsoft.ApiManagement/service/powershellsdkservice/apis/ps8949/releases/ps7350\",\r\n  \"type\": \"Microsoft.ApiManagement/service/apis/releases\",\r\n  \"name\": \"ps7350\",\r\n  \"properties\": {\r\n    \"apiId\": \"/subscriptions/a200340d-6b82-494d-9dbf-687ba6e33f9e/resourceGroups/powershelltest/providers/Microsoft.ApiManagement/service/powershellsdkservice/apis/ps8949\",\r\n    \"createdDateTime\": \"2019-04-30T20:05:47.287Z\",\r\n    \"updatedDateTime\": \"2019-04-30T20:05:47.287Z\",\r\n    \"notes\": \"ps110\"\r\n  }\r\n}",
      "StatusCode": 200
    },
    {
      "RequestUri": "/subscriptions/a200340d-6b82-494d-9dbf-687ba6e33f9e/resourceGroups/powershelltest/providers/Microsoft.ApiManagement/service/powershellsdkservice/apis/ps8949/releases/ps7350?api-version=2019-01-01",
      "EncodedRequestUri": "L3N1YnNjcmlwdGlvbnMvYTIwMDM0MGQtNmI4Mi00OTRkLTlkYmYtNjg3YmE2ZTMzZjllL3Jlc291cmNlR3JvdXBzL3Bvd2Vyc2hlbGx0ZXN0L3Byb3ZpZGVycy9NaWNyb3NvZnQuQXBpTWFuYWdlbWVudC9zZXJ2aWNlL3Bvd2Vyc2hlbGxzZGtzZXJ2aWNlL2FwaXMvcHM4OTQ5L3JlbGVhc2VzL3BzNzM1MD9hcGktdmVyc2lvbj0yMDE5LTAxLTAx",
      "RequestMethod": "GET",
      "RequestBody": "",
      "RequestHeaders": {
        "x-ms-client-request-id": [
          "db4a6e08-8d14-488d-9a8e-3f235a7eed60"
        ],
        "Accept-Language": [
          "en-US"
        ],
        "User-Agent": [
          "FxVersion/4.6.27414.06",
          "OSName/Windows",
          "OSVersion/Microsoft.Windows.10.0.17763.",
          "Microsoft.Azure.Management.ApiManagement.ApiManagementClient/4.9.0.0"
        ]
      },
      "ResponseHeaders": {
        "Cache-Control": [
          "no-cache"
        ],
        "Pragma": [
          "no-cache"
        ],
        "ETag": [
          "\"AAAAAAAAXNA=\""
        ],
        "Strict-Transport-Security": [
          "max-age=31536000; includeSubDomains"
        ],
        "x-ms-request-id": [
          "a5ddabce-e619-4d23-8fbd-dec2af30f44e"
        ],
        "Server": [
          "Microsoft-HTTPAPI/2.0"
        ],
        "x-ms-ratelimit-remaining-subscription-reads": [
          "11988"
        ],
        "x-ms-correlation-request-id": [
          "a7f9f0bf-373d-4e30-84ac-aa070ec0fa83"
        ],
        "x-ms-routing-request-id": [
          "WESTUS2:20190430T200549Z:a7f9f0bf-373d-4e30-84ac-aa070ec0fa83"
        ],
        "X-Content-Type-Options": [
          "nosniff"
        ],
        "Date": [
          "Tue, 30 Apr 2019 20:05:48 GMT"
        ],
        "Content-Length": [
          "595"
        ],
        "Content-Type": [
          "application/json; charset=utf-8"
        ],
        "Expires": [
          "-1"
        ]
      },
      "ResponseBody": "{\r\n  \"id\": \"/subscriptions/a200340d-6b82-494d-9dbf-687ba6e33f9e/resourceGroups/powershelltest/providers/Microsoft.ApiManagement/service/powershellsdkservice/apis/ps8949/releases/ps7350\",\r\n  \"type\": \"Microsoft.ApiManagement/service/apis/releases\",\r\n  \"name\": \"ps7350\",\r\n  \"properties\": {\r\n    \"apiId\": \"/subscriptions/a200340d-6b82-494d-9dbf-687ba6e33f9e/resourceGroups/powershelltest/providers/Microsoft.ApiManagement/service/powershellsdkservice/apis/ps8949\",\r\n    \"createdDateTime\": \"2019-04-30T20:05:47.287Z\",\r\n    \"updatedDateTime\": \"2019-04-30T20:05:47.287Z\",\r\n    \"notes\": \"ps6873\"\r\n  }\r\n}",
      "StatusCode": 200
    },
    {
      "RequestUri": "/subscriptions/a200340d-6b82-494d-9dbf-687ba6e33f9e/resourceGroups/powershelltest/providers/Microsoft.ApiManagement/service/powershellsdkservice/apis/ps8949/releases/ps7350?api-version=2019-01-01",
      "EncodedRequestUri": "L3N1YnNjcmlwdGlvbnMvYTIwMDM0MGQtNmI4Mi00OTRkLTlkYmYtNjg3YmE2ZTMzZjllL3Jlc291cmNlR3JvdXBzL3Bvd2Vyc2hlbGx0ZXN0L3Byb3ZpZGVycy9NaWNyb3NvZnQuQXBpTWFuYWdlbWVudC9zZXJ2aWNlL3Bvd2Vyc2hlbGxzZGtzZXJ2aWNlL2FwaXMvcHM4OTQ5L3JlbGVhc2VzL3BzNzM1MD9hcGktdmVyc2lvbj0yMDE5LTAxLTAx",
      "RequestMethod": "PATCH",
      "RequestBody": "{\r\n  \"properties\": {\r\n    \"apiId\": \"/subscriptions/a200340d-6b82-494d-9dbf-687ba6e33f9e/resourceGroups/powershelltest/providers/Microsoft.ApiManagement/service/powershellsdkservice/apis/ps8949\",\r\n    \"notes\": \"ps6873\"\r\n  }\r\n}",
      "RequestHeaders": {
        "x-ms-client-request-id": [
          "7fa7e9e7-ca46-4111-ba8f-02ab32dab15f"
        ],
        "If-Match": [
          "*"
        ],
        "Accept-Language": [
          "en-US"
        ],
        "User-Agent": [
          "FxVersion/4.6.27414.06",
          "OSName/Windows",
          "OSVersion/Microsoft.Windows.10.0.17763.",
          "Microsoft.Azure.Management.ApiManagement.ApiManagementClient/4.9.0.0"
        ],
        "Content-Type": [
          "application/json; charset=utf-8"
        ],
        "Content-Length": [
          "225"
        ]
      },
      "ResponseHeaders": {
        "Cache-Control": [
          "no-cache"
        ],
        "Pragma": [
          "no-cache"
        ],
        "Strict-Transport-Security": [
          "max-age=31536000; includeSubDomains"
        ],
        "x-ms-request-id": [
          "aad4f986-edae-4501-807b-d6ca034b689a"
        ],
        "Server": [
          "Microsoft-HTTPAPI/2.0"
        ],
        "x-ms-ratelimit-remaining-subscription-writes": [
          "1195"
        ],
        "x-ms-correlation-request-id": [
          "7fbf218e-37f8-4443-89e4-85abdaa1f945"
        ],
        "x-ms-routing-request-id": [
          "WESTUS2:20190430T200548Z:7fbf218e-37f8-4443-89e4-85abdaa1f945"
        ],
        "X-Content-Type-Options": [
          "nosniff"
        ],
        "Date": [
          "Tue, 30 Apr 2019 20:05:48 GMT"
        ],
        "Expires": [
          "-1"
        ]
      },
      "ResponseBody": "",
      "StatusCode": 204
    },
    {
      "RequestUri": "/subscriptions/a200340d-6b82-494d-9dbf-687ba6e33f9e/resourceGroups/powershelltest/providers/Microsoft.ApiManagement/service/powershellsdkservice/apis/ps8949/releases?api-version=2019-01-01",
      "EncodedRequestUri": "L3N1YnNjcmlwdGlvbnMvYTIwMDM0MGQtNmI4Mi00OTRkLTlkYmYtNjg3YmE2ZTMzZjllL3Jlc291cmNlR3JvdXBzL3Bvd2Vyc2hlbGx0ZXN0L3Byb3ZpZGVycy9NaWNyb3NvZnQuQXBpTWFuYWdlbWVudC9zZXJ2aWNlL3Bvd2Vyc2hlbGxzZGtzZXJ2aWNlL2FwaXMvcHM4OTQ5L3JlbGVhc2VzP2FwaS12ZXJzaW9uPTIwMTktMDEtMDE=",
      "RequestMethod": "GET",
      "RequestBody": "",
      "RequestHeaders": {
        "x-ms-client-request-id": [
          "4023cd2e-c4bb-4cbc-9970-64be36373c95"
        ],
        "Accept-Language": [
          "en-US"
        ],
        "User-Agent": [
          "FxVersion/4.6.27414.06",
          "OSName/Windows",
          "OSVersion/Microsoft.Windows.10.0.17763.",
          "Microsoft.Azure.Management.ApiManagement.ApiManagementClient/4.9.0.0"
        ]
      },
      "ResponseHeaders": {
        "Cache-Control": [
          "no-cache"
        ],
        "Pragma": [
          "no-cache"
        ],
        "Strict-Transport-Security": [
          "max-age=31536000; includeSubDomains"
        ],
        "x-ms-request-id": [
          "b0072bed-2fd3-4613-9395-46f0f3950c80"
        ],
        "Server": [
          "Microsoft-HTTPAPI/2.0"
        ],
        "x-ms-ratelimit-remaining-subscription-reads": [
          "11987"
        ],
        "x-ms-correlation-request-id": [
          "e4b1a94c-9dec-4f17-9908-ed7c3d8f853f"
        ],
        "x-ms-routing-request-id": [
          "WESTUS2:20190430T200549Z:e4b1a94c-9dec-4f17-9908-ed7c3d8f853f"
        ],
        "X-Content-Type-Options": [
          "nosniff"
        ],
        "Date": [
          "Tue, 30 Apr 2019 20:05:49 GMT"
        ],
        "Content-Length": [
          "486"
        ],
        "Content-Type": [
          "application/json; charset=utf-8"
        ],
        "Expires": [
          "-1"
        ]
      },
      "ResponseBody": "{\r\n  \"value\": [\r\n    {\r\n      \"id\": \"/subscriptions/a200340d-6b82-494d-9dbf-687ba6e33f9e/resourceGroups/powershelltest/providers/Microsoft.ApiManagement/service/powershellsdkservice/apis/ps8949/releases/ps7350\",\r\n      \"type\": \"Microsoft.ApiManagement/service/apis/releases\",\r\n      \"name\": \"ps7350\",\r\n      \"properties\": {\r\n        \"createdDateTime\": \"2019-04-30T20:05:47.287Z\",\r\n        \"updatedDateTime\": \"2019-04-30T20:05:47.287Z\",\r\n        \"notes\": \"ps6873\"\r\n      }\r\n    }\r\n  ]\r\n}",
      "StatusCode": 200
    },
    {
      "RequestUri": "/subscriptions/a200340d-6b82-494d-9dbf-687ba6e33f9e/resourceGroups/powershelltest/providers/Microsoft.ApiManagement/service/powershellsdkservice/apis/ps8949%3Brev%3D1?deleteRevisions=false&api-version=2019-01-01",
      "EncodedRequestUri": "L3N1YnNjcmlwdGlvbnMvYTIwMDM0MGQtNmI4Mi00OTRkLTlkYmYtNjg3YmE2ZTMzZjllL3Jlc291cmNlR3JvdXBzL3Bvd2Vyc2hlbGx0ZXN0L3Byb3ZpZGVycy9NaWNyb3NvZnQuQXBpTWFuYWdlbWVudC9zZXJ2aWNlL3Bvd2Vyc2hlbGxzZGtzZXJ2aWNlL2FwaXMvcHM4OTQ5JTNCcmV2JTNEMT9kZWxldGVSZXZpc2lvbnM9ZmFsc2UmYXBpLXZlcnNpb249MjAxOS0wMS0wMQ==",
      "RequestMethod": "DELETE",
      "RequestBody": "",
      "RequestHeaders": {
        "x-ms-client-request-id": [
          "86b8a473-af04-4d72-8270-31a630e51a4a"
        ],
        "If-Match": [
          "*"
        ],
        "Accept-Language": [
          "en-US"
        ],
        "User-Agent": [
          "FxVersion/4.6.27414.06",
          "OSName/Windows",
          "OSVersion/Microsoft.Windows.10.0.17763.",
          "Microsoft.Azure.Management.ApiManagement.ApiManagementClient/4.9.0.0"
        ]
      },
      "ResponseHeaders": {
        "Cache-Control": [
          "no-cache"
        ],
        "Pragma": [
          "no-cache"
        ],
        "Strict-Transport-Security": [
          "max-age=31536000; includeSubDomains"
        ],
        "x-ms-request-id": [
          "ff33ad4c-353d-40b0-b0e4-d828c5743182"
        ],
        "Server": [
          "Microsoft-HTTPAPI/2.0"
        ],
        "x-ms-ratelimit-remaining-subscription-deletes": [
          "14999"
        ],
        "x-ms-correlation-request-id": [
          "f21bca0b-4fed-4c22-9b50-bfb09e578564"
        ],
        "x-ms-routing-request-id": [
          "WESTUS2:20190430T200550Z:f21bca0b-4fed-4c22-9b50-bfb09e578564"
        ],
        "X-Content-Type-Options": [
          "nosniff"
        ],
        "Date": [
          "Tue, 30 Apr 2019 20:05:49 GMT"
        ],
        "Expires": [
          "-1"
        ],
        "Content-Length": [
          "0"
        ]
      },
      "ResponseBody": "",
      "StatusCode": 200
    },
    {
      "RequestUri": "/subscriptions/a200340d-6b82-494d-9dbf-687ba6e33f9e/resourceGroups/powershelltest/providers/Microsoft.ApiManagement/service/powershellsdkservice/apis/ps8949?deleteRevisions=true&api-version=2019-01-01",
      "EncodedRequestUri": "L3N1YnNjcmlwdGlvbnMvYTIwMDM0MGQtNmI4Mi00OTRkLTlkYmYtNjg3YmE2ZTMzZjllL3Jlc291cmNlR3JvdXBzL3Bvd2Vyc2hlbGx0ZXN0L3Byb3ZpZGVycy9NaWNyb3NvZnQuQXBpTWFuYWdlbWVudC9zZXJ2aWNlL3Bvd2Vyc2hlbGxzZGtzZXJ2aWNlL2FwaXMvcHM4OTQ5P2RlbGV0ZVJldmlzaW9ucz10cnVlJmFwaS12ZXJzaW9uPTIwMTktMDEtMDE=",
      "RequestMethod": "DELETE",
      "RequestBody": "",
      "RequestHeaders": {
        "x-ms-client-request-id": [
          "66dfa9bf-df07-4716-821c-38ee2a9ca25e"
        ],
        "If-Match": [
          "*"
        ],
        "Accept-Language": [
          "en-US"
        ],
        "User-Agent": [
          "FxVersion/4.6.27414.06",
          "OSName/Windows",
          "OSVersion/Microsoft.Windows.10.0.17763.",
          "Microsoft.Azure.Management.ApiManagement.ApiManagementClient/4.9.0.0"
        ]
      },
      "ResponseHeaders": {
        "Cache-Control": [
          "no-cache"
        ],
        "Pragma": [
          "no-cache"
        ],
        "Strict-Transport-Security": [
          "max-age=31536000; includeSubDomains"
        ],
        "x-ms-request-id": [
          "e4dd6eda-8efb-4f51-b90e-671111021572"
        ],
        "Server": [
          "Microsoft-HTTPAPI/2.0"
        ],
        "x-ms-ratelimit-remaining-subscription-deletes": [
          "14998"
        ],
        "x-ms-correlation-request-id": [
          "ae63c53e-7601-4e01-a8a2-3b2dc6ce2b3b"
        ],
        "x-ms-routing-request-id": [
          "WESTUS2:20190430T200550Z:ae63c53e-7601-4e01-a8a2-3b2dc6ce2b3b"
        ],
        "X-Content-Type-Options": [
          "nosniff"
        ],
        "Date": [
          "Tue, 30 Apr 2019 20:05:49 GMT"
        ],
        "Expires": [
          "-1"
        ],
        "Content-Length": [
          "0"
        ]
      },
      "ResponseBody": "",
      "StatusCode": 200
    }
  ],
  "Names": {
    "": [
      "ps8949",
      "ps7350",
      "ps110",
      "ps6873"
    ]
  },
  "Variables": {
    "SubscriptionId": "a200340d-6b82-494d-9dbf-687ba6e33f9e"
  }
}